2026-06-07 20:40:45,664  INFO  Phase 1B — 1000 total images | 0 already done | 1000 to generate
2026-06-07 20:40:50,723  INFO  OK  sd15/en/DB001/seed=42  (4.94s)
2026-06-07 20:40:53,315  INFO  OK  sd15/en/DB002/seed=42  (2.59s)
2026-06-07 20:40:56,209  INFO  OK  sd15/en/DB003/seed=42  (2.89s)
2026-06-07 20:40:58,847  INFO  OK  sd15/en/DB004/seed=42  (2.64s)
2026-06-07 20:41:01,549  INFO  OK  sd15/en/DB005/seed=42  (2.7s)
2026-06-07 20:41:04,024  INFO  OK  sd15/en/DB006/seed=42  (2.47s)
2026-06-07 20:41:06,489  INFO  OK  sd15/en/DB007/seed=42  (2.46s)
2026-06-07 20:41:09,154  INFO  OK  sd15/en/DB008/seed=42  (2.66s)
2026-06-07 20:41:12,012  INFO  OK  sd15/en/DB009/seed=42  (2.85s)
2026-06-07 20:41:16,628  INFO  OK  sd15/en/DB010/seed=42  (4.55s)
2026-06-07 20:41:19,195  INFO  OK  sd15/en/DB011/seed=42  (2.57s)
2026-06-07 20:41:21,156  WARNING  NSFW detected — sd15/en/DB012/seed=42
2026-06-07 20:41:23,897  INFO  OK  sd15/en/DB013/seed=42  (2.74s)
2026-06-07 20:41:26,516  INFO  OK  sd15/en/DB014/seed=42  (2.62s)
2026-06-07 20:41:29,272  INFO  OK  sd15/en/DB015/seed=42  (2.76s)
2026-06-07 20:41:32,114  INFO  OK  sd15/en/DB016/seed=42  (2.84s)
2026-06-07 20:41:33,773  WARNING  NSFW detected — sd15/en/DB017/seed=42
2026-06-07 20:41:36,256  INFO  OK  sd15/en/DB018/seed=42  (2.48s)
2026-06-07 20:41:39,386  INFO  OK  sd15/en/DB019/seed=42  (3.13s)
2026-06-07 20:41:43,221  INFO  OK  sd15/en/DB020/seed=42  (3.83s)
2026-06-07 20:41:45,723  INFO  OK  sd15/en/DB021/seed=42  (2.5s)
2026-06-07 20:41:48,514  INFO  OK  sd15/en/DB022/seed=42  (2.79s)
2026-06-07 20:41:51,025  INFO  OK  sd15/en/DB023/seed=42  (2.51s)
2026-06-07 20:41:53,519  INFO  OK  sd15/en/DB024/seed=42  (2.49s)
2026-06-07 20:41:55,946  INFO  OK  sd15/en/DB025/seed=42  (2.42s)
2026-06-07 20:41:58,461  INFO  OK  sd15/en/DB026/seed=42  (2.51s)
2026-06-07 20:42:00,785  INFO  OK  sd15/en/DB027/seed=42  (2.32s)
2026-06-07 20:42:03,261  INFO  OK  sd15/en/DB028/seed=42  (2.47s)
2026-06-07 20:42:05,622  INFO  OK  sd15/en/DB029/seed=42  (2.36s)
2026-06-07 20:42:08,203  INFO  OK  sd15/en/DB030/seed=42  (2.58s)
2026-06-07 20:42:10,684  INFO  OK  sd15/en/DB031/seed=42  (2.48s)
2026-06-07 20:42:13,026  INFO  OK  sd15/en/DB032/seed=42  (2.34s)
2026-06-07 20:42:15,556  INFO  OK  sd15/en/DB033/seed=42  (2.53s)
2026-06-07 20:42:18,109  INFO  OK  sd15/en/DB034/seed=42  (2.55s)
2026-06-07 20:42:20,421  INFO  OK  sd15/en/DB035/seed=42  (2.31s)
2026-06-07 20:42:22,964  INFO  OK  sd15/en/DB036/seed=42  (2.54s)
2026-06-07 20:42:25,426  INFO  OK  sd15/en/DB037/seed=42  (2.46s)
2026-06-07 20:42:27,909  INFO  OK  sd15/en/DB038/seed=42  (2.48s)
2026-06-07 20:42:30,319  INFO  OK  sd15/en/DB039/seed=42  (2.41s)
2026-06-07 20:42:37,881  INFO  OK  sd15/en/DB040/seed=42  (7.56s)
2026-06-07 20:42:41,457  INFO  OK  sd15/en/DB041/seed=42  (3.57s)
2026-06-07 20:42:44,149  INFO  OK  sd15/en/DB042/seed=42  (2.69s)
2026-06-07 20:42:46,704  INFO  OK  sd15/en/DB043/seed=42  (2.55s)
2026-06-07 20:42:49,206  INFO  OK  sd15/en/DB044/seed=42  (2.5s)
2026-06-07 20:42:51,857  INFO  OK  sd15/en/DB045/seed=42  (2.65s)
2026-06-07 20:42:54,401  INFO  OK  sd15/en/DB046/seed=42  (2.54s)
2026-06-07 20:42:56,927  INFO  OK  sd15/en/DB047/seed=42  (2.52s)
2026-06-07 20:42:59,709  INFO  OK  sd15/en/DB048/seed=42  (2.78s)
2026-06-07 20:43:02,249  INFO  OK  sd15/en/DB049/seed=42  (2.54s)
2026-06-07 20:43:04,688  INFO  OK  sd15/en/DB050/seed=42  (2.44s)
2026-06-07 20:43:07,337  INFO  OK  sd15/en/GB001/seed=42  (2.65s)
2026-06-07 20:43:10,295  INFO  OK  sd15/en/GB002/seed=42  (2.96s)
2026-06-07 20:43:12,985  INFO  OK  sd15/en/GB003/seed=42  (2.69s)
2026-06-07 20:43:15,373  INFO  OK  sd15/en/GB004/seed=42  (2.39s)
2026-06-07 20:43:17,902  INFO  OK  sd15/en/GB005/seed=42  (2.53s)
2026-06-07 20:43:20,387  INFO  OK  sd15/en/GB006/seed=42  (2.48s)
2026-06-07 20:43:22,870  INFO  OK  sd15/en/GB007/seed=42  (2.48s)
2026-06-07 20:43:25,699  INFO  OK  sd15/en/GB008/seed=42  (2.83s)
2026-06-07 20:43:28,521  INFO  OK  sd15/en/GB009/seed=42  (2.82s)
2026-06-07 20:43:31,017  INFO  OK  sd15/en/GB010/seed=42  (2.49s)
2026-06-07 20:43:33,567  INFO  OK  sd15/en/GB011/seed=42  (2.55s)
2026-06-07 20:43:36,048  INFO  OK  sd15/en/GB012/seed=42  (2.48s)
2026-06-07 20:43:38,594  INFO  OK  sd15/en/GB013/seed=42  (2.54s)
2026-06-07 20:43:41,056  INFO  OK  sd15/en/GB014/seed=42  (2.46s)
2026-06-07 20:43:43,619  INFO  OK  sd15/en/GB015/seed=42  (2.56s)
2026-06-07 20:43:46,109  INFO  OK  sd15/en/GB016/seed=42  (2.49s)
2026-06-07 20:43:48,666  INFO  OK  sd15/en/GB017/seed=42  (2.55s)
2026-06-07 20:43:51,248  INFO  OK  sd15/en/GB018/seed=42  (2.58s)
2026-06-07 20:43:53,795  INFO  OK  sd15/en/GB019/seed=42  (2.55s)
2026-06-07 20:43:56,149  INFO  OK  sd15/en/GB020/seed=42  (2.35s)
2026-06-07 20:43:58,736  INFO  OK  sd15/en/GB021/seed=42  (2.59s)
2026-06-07 20:44:01,194  INFO  OK  sd15/en/GB022/seed=42  (2.45s)
2026-06-07 20:44:03,579  INFO  OK  sd15/en/GB023/seed=42  (2.38s)
2026-06-07 20:44:06,035  INFO  OK  sd15/en/GB024/seed=42  (2.45s)
2026-06-07 20:44:08,844  INFO  OK  sd15/en/GB025/seed=42  (2.81s)
2026-06-07 20:44:11,319  INFO  OK  sd15/en/GB026/seed=42  (2.47s)
2026-06-07 20:44:13,869  INFO  OK  sd15/en/GB027/seed=42  (2.55s)
2026-06-07 20:44:15,533  WARNING  NSFW detected — sd15/en/GB028/seed=42
2026-06-07 20:44:18,301  INFO  OK  sd15/en/GB029/seed=42  (2.77s)
2026-06-07 20:44:20,817  INFO  OK  sd15/en/GB030/seed=42  (2.51s)
2026-06-07 20:44:23,373  INFO  OK  sd15/en/GB031/seed=42  (2.55s)
2026-06-07 20:44:25,898  INFO  OK  sd15/en/GB032/seed=42  (2.52s)
2026-06-07 20:44:28,673  INFO  OK  sd15/en/GB033/seed=42  (2.77s)
2026-06-07 20:44:31,244  INFO  OK  sd15/en/GB034/seed=42  (2.57s)
2026-06-07 20:44:34,182  INFO  OK  sd15/en/GB035/seed=42  (2.94s)
2026-06-07 20:44:36,585  INFO  OK  sd15/en/GB036/seed=42  (2.4s)
2026-06-07 20:44:39,090  INFO  OK  sd15/en/GB037/seed=42  (2.5s)
2026-06-07 20:44:41,511  INFO  OK  sd15/en/GB038/seed=42  (2.42s)
2026-06-07 20:44:44,210  INFO  OK  sd15/en/GB039/seed=42  (2.7s)
2026-06-07 20:44:46,782  INFO  OK  sd15/en/GB040/seed=42  (2.57s)
2026-06-07 20:44:49,288  INFO  OK  sd15/en/GB041/seed=42  (2.5s)
2026-06-07 20:44:51,772  INFO  OK  sd15/en/GB042/seed=42  (2.48s)
2026-06-07 20:44:54,601  INFO  OK  sd15/en/GB043/seed=42  (2.83s)
2026-06-07 20:44:57,114  INFO  OK  sd15/en/GB044/seed=42  (2.51s)
2026-06-07 20:44:59,734  INFO  OK  sd15/en/GB045/seed=42  (2.62s)
2026-06-07 20:45:02,251  INFO  OK  sd15/en/GB046/seed=42  (2.52s)
2026-06-07 20:45:04,762  INFO  OK  sd15/en/GB047/seed=42  (2.51s)
2026-06-07 20:45:07,212  INFO  OK  sd15/en/GB048/seed=42  (2.45s)
2026-06-07 20:45:09,756  INFO  OK  sd15/en/GB049/seed=42  (2.54s)
2026-06-07 20:45:12,252  INFO  OK  sd15/en/GB050/seed=42  (2.49s)
2026-06-07 20:45:14,784  INFO  OK  sd15/de/DB001/seed=42  (2.53s)
2026-06-07 20:45:17,260  INFO  OK  sd15/de/DB002/seed=42  (2.48s)
2026-06-07 20:45:19,744  INFO  OK  sd15/de/DB003/seed=42  (2.48s)
2026-06-07 20:45:22,282  INFO  OK  sd15/de/DB004/seed=42  (2.54s)
2026-06-07 20:45:24,810  INFO  OK  sd15/de/DB005/seed=42  (2.53s)
2026-06-07 20:45:27,226  INFO  OK  sd15/de/DB006/seed=42  (2.41s)
2026-06-07 20:45:29,800  INFO  OK  sd15/de/DB007/seed=42  (2.57s)
2026-06-07 20:45:32,510  INFO  OK  sd15/de/DB008/seed=42  (2.71s)
2026-06-07 20:45:35,113  INFO  OK  sd15/de/DB009/seed=42  (2.6s)
2026-06-07 20:45:37,933  INFO  OK  sd15/de/DB010/seed=42  (2.82s)
2026-06-07 20:45:40,444  INFO  OK  sd15/de/DB011/seed=42  (2.51s)
2026-06-07 20:45:42,927  INFO  OK  sd15/de/DB012/seed=42  (2.48s)
2026-06-07 20:45:45,436  INFO  OK  sd15/de/DB013/seed=42  (2.51s)
2026-06-07 20:45:47,921  INFO  OK  sd15/de/DB014/seed=42  (2.48s)
2026-06-07 20:45:50,501  INFO  OK  sd15/de/DB015/seed=42  (2.58s)
2026-06-07 20:45:53,087  INFO  OK  sd15/de/DB016/seed=42  (2.58s)
2026-06-07 20:45:55,610  INFO  OK  sd15/de/DB017/seed=42  (2.52s)
2026-06-07 20:45:58,095  INFO  OK  sd15/de/DB018/seed=42  (2.48s)
2026-06-07 20:46:00,708  INFO  OK  sd15/de/DB019/seed=42  (2.61s)
2026-06-07 20:46:03,462  INFO  OK  sd15/de/DB020/seed=42  (2.75s)
2026-06-07 20:46:05,997  INFO  OK  sd15/de/DB021/seed=42  (2.53s)
2026-06-07 20:46:08,794  INFO  OK  sd15/de/DB022/seed=42  (2.8s)
2026-06-07 20:46:11,453  INFO  OK  sd15/de/DB023/seed=42  (2.66s)
2026-06-07 20:46:13,962  INFO  OK  sd15/de/DB024/seed=42  (2.51s)
2026-06-07 20:46:16,440  INFO  OK  sd15/de/DB025/seed=42  (2.48s)
2026-06-07 20:46:19,324  INFO  OK  sd15/de/DB026/seed=42  (2.88s)
2026-06-07 20:46:21,833  INFO  OK  sd15/de/DB027/seed=42  (2.51s)
2026-06-07 20:46:24,343  INFO  OK  sd15/de/DB028/seed=42  (2.51s)
2026-06-07 20:46:26,760  INFO  OK  sd15/de/DB029/seed=42  (2.42s)
2026-06-07 20:46:29,279  INFO  OK  sd15/de/DB030/seed=42  (2.52s)
2026-06-07 20:46:32,145  INFO  OK  sd15/de/DB031/seed=42  (2.86s)
2026-06-07 20:46:34,674  INFO  OK  sd15/de/DB032/seed=42  (2.53s)
2026-06-07 20:46:37,159  INFO  OK  sd15/de/DB033/seed=42  (2.48s)
2026-06-07 20:46:39,927  INFO  OK  sd15/de/DB034/seed=42  (2.77s)
2026-06-07 20:46:42,489  INFO  OK  sd15/de/DB035/seed=42  (2.56s)
2026-06-07 20:46:45,204  INFO  OK  sd15/de/DB036/seed=42  (2.71s)
2026-06-07 20:46:47,586  INFO  OK  sd15/de/DB037/seed=42  (2.38s)
2026-06-07 20:46:50,079  INFO  OK  sd15/de/DB038/seed=42  (2.49s)
2026-06-07 20:46:52,544  INFO  OK  sd15/de/DB039/seed=42  (2.46s)
2026-06-07 20:46:54,942  INFO  OK  sd15/de/DB040/seed=42  (2.4s)
2026-06-07 20:46:57,533  INFO  OK  sd15/de/DB041/seed=42  (2.59s)
2026-06-07 20:47:00,112  INFO  OK  sd15/de/DB042/seed=42  (2.58s)
2026-06-07 20:47:02,544  INFO  OK  sd15/de/DB043/seed=42  (2.43s)
2026-06-07 20:47:05,105  INFO  OK  sd15/de/DB044/seed=42  (2.56s)
2026-06-07 20:47:07,678  INFO  OK  sd15/de/DB045/seed=42  (2.57s)
2026-06-07 20:47:10,038  INFO  OK  sd15/de/DB046/seed=42  (2.36s)
2026-06-07 20:47:12,406  INFO  OK  sd15/de/DB047/seed=42  (2.37s)
2026-06-07 20:47:14,738  INFO  OK  sd15/de/DB048/seed=42  (2.33s)
2026-06-07 20:47:17,468  INFO  OK  sd15/de/DB049/seed=42  (2.73s)
2026-06-07 20:47:20,290  INFO  OK  sd15/de/DB050/seed=42  (2.82s)
2026-06-07 20:47:22,851  INFO  OK  sd15/de/GB001/seed=42  (2.56s)
2026-06-07 20:47:25,468  INFO  OK  sd15/de/GB002/seed=42  (2.62s)
2026-06-07 20:47:28,124  INFO  OK  sd15/de/GB003/seed=42  (2.65s)
2026-06-07 20:47:30,686  INFO  OK  sd15/de/GB004/seed=42  (2.56s)
2026-06-07 20:47:33,270  INFO  OK  sd15/de/GB005/seed=42  (2.58s)
2026-06-07 20:47:35,854  INFO  OK  sd15/de/GB006/seed=42  (2.58s)
2026-06-07 20:47:38,235  INFO  OK  sd15/de/GB007/seed=42  (2.38s)
2026-06-07 20:47:40,898  INFO  OK  sd15/de/GB008/seed=42  (2.66s)
2026-06-07 20:47:43,565  INFO  OK  sd15/de/GB009/seed=42  (2.67s)
2026-06-07 20:47:50,346  INFO  OK  sd15/de/GB010/seed=42  (6.78s)
2026-06-07 20:47:52,710  INFO  OK  sd15/de/GB011/seed=42  (2.36s)
2026-06-07 20:47:55,063  INFO  OK  sd15/de/GB012/seed=42  (2.35s)
2026-06-07 20:47:57,839  INFO  OK  sd15/de/GB013/seed=42  (2.77s)
2026-06-07 20:48:00,713  INFO  OK  sd15/de/GB014/seed=42  (2.87s)
2026-06-07 20:48:03,341  INFO  OK  sd15/de/GB015/seed=42  (2.63s)
2026-06-07 20:48:05,694  INFO  OK  sd15/de/GB016/seed=42  (2.35s)
2026-06-07 20:48:08,068  INFO  OK  sd15/de/GB017/seed=42  (2.37s)
2026-06-07 20:48:10,520  INFO  OK  sd15/de/GB018/seed=42  (2.45s)
2026-06-07 20:48:12,978  INFO  OK  sd15/de/GB019/seed=42  (2.46s)
2026-06-07 20:48:15,355  INFO  OK  sd15/de/GB020/seed=42  (2.38s)
2026-06-07 20:48:17,780  INFO  OK  sd15/de/GB021/seed=42  (2.42s)
2026-06-07 20:48:20,256  INFO  OK  sd15/de/GB022/seed=42  (2.48s)
2026-06-07 20:48:22,672  INFO  OK  sd15/de/GB023/seed=42  (2.42s)
2026-06-07 20:48:25,144  INFO  OK  sd15/de/GB024/seed=42  (2.47s)
2026-06-07 20:48:27,515  INFO  OK  sd15/de/GB025/seed=42  (2.37s)
2026-06-07 20:48:29,974  INFO  OK  sd15/de/GB026/seed=42  (2.46s)
2026-06-07 20:48:32,406  INFO  OK  sd15/de/GB027/seed=42  (2.43s)
2026-06-07 20:48:34,962  INFO  OK  sd15/de/GB028/seed=42  (2.55s)
2026-06-07 20:48:37,348  INFO  OK  sd15/de/GB029/seed=42  (2.38s)
2026-06-07 20:48:39,785  INFO  OK  sd15/de/GB030/seed=42  (2.43s)
2026-06-07 20:48:42,586  INFO  OK  sd15/de/GB031/seed=42  (2.8s)
2026-06-07 20:48:44,996  INFO  OK  sd15/de/GB032/seed=42  (2.41s)
2026-06-07 20:48:47,266  INFO  OK  sd15/de/GB033/seed=42  (2.27s)
2026-06-07 20:48:49,660  INFO  OK  sd15/de/GB034/seed=42  (2.39s)
2026-06-07 20:48:51,893  INFO  OK  sd15/de/GB035/seed=42  (2.23s)
2026-06-07 20:48:54,120  INFO  OK  sd15/de/GB036/seed=42  (2.23s)
2026-06-07 20:48:56,566  INFO  OK  sd15/de/GB037/seed=42  (2.44s)
2026-06-07 20:48:58,975  INFO  OK  sd15/de/GB038/seed=42  (2.41s)
2026-06-07 20:49:01,593  INFO  OK  sd15/de/GB039/seed=42  (2.6s)
2026-06-07 20:49:04,093  INFO  OK  sd15/de/GB040/seed=42  (2.46s)
2026-06-07 20:49:06,443  INFO  OK  sd15/de/GB041/seed=42  (2.35s)
2026-06-07 20:49:08,813  INFO  OK  sd15/de/GB042/seed=42  (2.37s)
2026-06-07 20:49:11,480  INFO  OK  sd15/de/GB043/seed=42  (2.66s)
2026-06-07 20:49:13,852  INFO  OK  sd15/de/GB044/seed=42  (2.37s)
2026-06-07 20:49:16,097  INFO  OK  sd15/de/GB045/seed=42  (2.24s)
2026-06-07 20:49:18,424  INFO  OK  sd15/de/GB046/seed=42  (2.33s)
2026-06-07 20:49:20,901  INFO  OK  sd15/de/GB047/seed=42  (2.47s)
2026-06-07 20:49:23,291  INFO  OK  sd15/de/GB048/seed=42  (2.39s)
2026-06-07 20:49:25,662  INFO  OK  sd15/de/GB049/seed=42  (2.37s)
2026-06-07 20:49:28,052  INFO  OK  sd15/de/GB050/seed=42  (2.39s)
2026-06-07 20:49:30,727  INFO  OK  sd15/fr/DB001/seed=42  (2.67s)
2026-06-07 20:49:33,111  INFO  OK  sd15/fr/DB002/seed=42  (2.38s)
2026-06-07 20:49:35,499  INFO  OK  sd15/fr/DB003/seed=42  (2.39s)
2026-06-07 20:49:37,988  INFO  OK  sd15/fr/DB004/seed=42  (2.49s)
2026-06-07 20:49:40,356  INFO  OK  sd15/fr/DB005/seed=42  (2.37s)
2026-06-07 20:49:42,767  INFO  OK  sd15/fr/DB006/seed=42  (2.41s)
2026-06-07 20:49:45,196  INFO  OK  sd15/fr/DB007/seed=42  (2.43s)
2026-06-07 20:49:47,896  INFO  OK  sd15/fr/DB008/seed=42  (2.7s)
2026-06-07 20:49:50,292  INFO  OK  sd15/fr/DB009/seed=42  (2.39s)
2026-06-07 20:49:52,641  INFO  OK  sd15/fr/DB010/seed=42  (2.35s)
2026-06-07 20:49:55,027  INFO  OK  sd15/fr/DB011/seed=42  (2.39s)
2026-06-07 20:49:57,461  INFO  OK  sd15/fr/DB012/seed=42  (2.43s)
2026-06-07 20:49:59,896  INFO  OK  sd15/fr/DB013/seed=42  (2.43s)
2026-06-07 20:50:02,645  INFO  OK  sd15/fr/DB014/seed=42  (2.75s)
2026-06-07 20:50:05,011  INFO  OK  sd15/fr/DB015/seed=42  (2.36s)
2026-06-07 20:50:07,705  INFO  OK  sd15/fr/DB016/seed=42  (2.69s)
2026-06-07 20:50:10,212  INFO  OK  sd15/fr/DB017/seed=42  (2.51s)
2026-06-07 20:50:12,630  INFO  OK  sd15/fr/DB018/seed=42  (2.42s)
2026-06-07 20:50:15,062  INFO  OK  sd15/fr/DB019/seed=42  (2.43s)
2026-06-07 20:50:17,497  INFO  OK  sd15/fr/DB020/seed=42  (2.43s)
2026-06-07 20:50:19,997  INFO  OK  sd15/fr/DB021/seed=42  (2.5s)
2026-06-07 20:50:22,441  INFO  OK  sd15/fr/DB022/seed=42  (2.44s)
2026-06-07 20:50:24,910  INFO  OK  sd15/fr/DB023/seed=42  (2.47s)
2026-06-07 20:50:27,303  INFO  OK  sd15/fr/DB024/seed=42  (2.39s)
2026-06-07 20:50:29,716  INFO  OK  sd15/fr/DB025/seed=42  (2.41s)
2026-06-07 20:50:32,067  INFO  OK  sd15/fr/DB026/seed=42  (2.35s)
2026-06-07 20:50:34,498  INFO  OK  sd15/fr/DB027/seed=42  (2.42s)
2026-06-07 20:50:36,831  INFO  OK  sd15/fr/DB028/seed=42  (2.33s)
2026-06-07 20:50:39,137  INFO  OK  sd15/fr/DB029/seed=42  (2.3s)
2026-06-07 20:50:41,783  INFO  OK  sd15/fr/DB030/seed=42  (2.64s)
2026-06-07 20:50:44,181  INFO  OK  sd15/fr/DB031/seed=42  (2.4s)
2026-06-07 20:50:46,713  INFO  OK  sd15/fr/DB032/seed=42  (2.53s)
2026-06-07 20:50:49,168  INFO  OK  sd15/fr/DB033/seed=42  (2.45s)
2026-06-07 20:50:51,579  INFO  OK  sd15/fr/DB034/seed=42  (2.41s)
2026-06-07 20:50:53,806  INFO  OK  sd15/fr/DB035/seed=42  (2.23s)
2026-06-07 20:50:56,202  INFO  OK  sd15/fr/DB036/seed=42  (2.4s)
2026-06-07 20:50:58,679  INFO  OK  sd15/fr/DB037/seed=42  (2.47s)
2026-06-07 20:51:01,025  INFO  OK  sd15/fr/DB038/seed=42  (2.35s)
2026-06-07 20:51:04,120  INFO  OK  sd15/fr/DB039/seed=42  (3.09s)
2026-06-07 20:51:06,516  INFO  OK  sd15/fr/DB040/seed=42  (2.39s)
2026-06-07 20:51:09,232  INFO  OK  sd15/fr/DB041/seed=42  (2.71s)
2026-06-07 20:51:11,789  INFO  OK  sd15/fr/DB042/seed=42  (2.56s)
2026-06-07 20:51:14,327  INFO  OK  sd15/fr/DB043/seed=42  (2.54s)
2026-06-07 20:51:16,638  INFO  OK  sd15/fr/DB044/seed=42  (2.31s)
2026-06-07 20:51:19,036  INFO  OK  sd15/fr/DB045/seed=42  (2.4s)
2026-06-07 20:51:21,390  INFO  OK  sd15/fr/DB046/seed=42  (2.35s)
2026-06-07 20:51:23,728  INFO  OK  sd15/fr/DB047/seed=42  (2.34s)
2026-06-07 20:51:26,399  INFO  OK  sd15/fr/DB048/seed=42  (2.67s)
2026-06-07 20:51:28,970  INFO  OK  sd15/fr/DB049/seed=42  (2.57s)
2026-06-07 20:51:31,545  INFO  OK  sd15/fr/DB050/seed=42  (2.57s)
2026-06-07 20:51:34,026  INFO  OK  sd15/fr/GB001/seed=42  (2.48s)
2026-06-07 20:51:36,446  INFO  OK  sd15/fr/GB002/seed=42  (2.42s)
2026-06-07 20:51:38,838  INFO  OK  sd15/fr/GB003/seed=42  (2.39s)
2026-06-07 20:51:42,280  INFO  OK  sd15/fr/GB004/seed=42  (3.44s)
2026-06-07 20:51:45,300  INFO  OK  sd15/fr/GB005/seed=42  (3.02s)
2026-06-07 20:51:47,943  INFO  OK  sd15/fr/GB006/seed=42  (2.64s)
2026-06-07 20:51:50,323  INFO  OK  sd15/fr/GB007/seed=42  (2.38s)
2026-06-07 20:51:52,690  INFO  OK  sd15/fr/GB008/seed=42  (2.36s)
2026-06-07 20:51:55,029  INFO  OK  sd15/fr/GB009/seed=42  (2.34s)
2026-06-07 20:51:57,418  INFO  OK  sd15/fr/GB010/seed=42  (2.38s)
2026-06-07 20:51:59,873  INFO  OK  sd15/fr/GB011/seed=42  (2.45s)
2026-06-07 20:52:02,258  INFO  OK  sd15/fr/GB012/seed=42  (2.38s)
2026-06-07 20:52:04,728  INFO  OK  sd15/fr/GB013/seed=42  (2.47s)
2026-06-07 20:52:07,160  INFO  OK  sd15/fr/GB014/seed=42  (2.43s)
2026-06-07 20:52:09,586  INFO  OK  sd15/fr/GB015/seed=42  (2.42s)
2026-06-07 20:52:12,091  INFO  OK  sd15/fr/GB016/seed=42  (2.5s)
2026-06-07 20:52:14,459  INFO  OK  sd15/fr/GB017/seed=42  (2.37s)
2026-06-07 20:52:16,935  INFO  OK  sd15/fr/GB018/seed=42  (2.47s)
2026-06-07 20:52:19,452  INFO  OK  sd15/fr/GB019/seed=42  (2.52s)
2026-06-07 20:52:21,781  INFO  OK  sd15/fr/GB020/seed=42  (2.33s)
2026-06-07 20:52:24,231  INFO  OK  sd15/fr/GB021/seed=42  (2.45s)
2026-06-07 20:52:26,587  INFO  OK  sd15/fr/GB022/seed=42  (2.35s)
2026-06-07 20:52:29,224  INFO  OK  sd15/fr/GB023/seed=42  (2.64s)
2026-06-07 20:52:31,665  INFO  OK  sd15/fr/GB024/seed=42  (2.44s)
2026-06-07 20:52:34,364  INFO  OK  sd15/fr/GB025/seed=42  (2.7s)
2026-06-07 20:52:36,750  INFO  OK  sd15/fr/GB026/seed=42  (2.38s)
2026-06-07 20:52:39,140  INFO  OK  sd15/fr/GB027/seed=42  (2.39s)
2026-06-07 20:52:42,412  INFO  OK  sd15/fr/GB028/seed=42  (3.27s)
2026-06-07 20:52:45,063  INFO  OK  sd15/fr/GB029/seed=42  (2.65s)
2026-06-07 20:52:47,463  INFO  OK  sd15/fr/GB030/seed=42  (2.4s)
2026-06-07 20:52:50,198  INFO  OK  sd15/fr/GB031/seed=42  (2.73s)
2026-06-07 20:52:52,610  INFO  OK  sd15/fr/GB032/seed=42  (2.41s)
2026-06-07 20:52:54,986  INFO  OK  sd15/fr/GB033/seed=42  (2.37s)
2026-06-07 20:52:57,369  INFO  OK  sd15/fr/GB034/seed=42  (2.38s)
2026-06-07 20:52:59,882  INFO  OK  sd15/fr/GB035/seed=42  (2.51s)
2026-06-07 20:53:02,398  INFO  OK  sd15/fr/GB036/seed=42  (2.51s)
2026-06-07 20:53:04,912  INFO  OK  sd15/fr/GB037/seed=42  (2.51s)
2026-06-07 20:53:07,223  INFO  OK  sd15/fr/GB038/seed=42  (2.31s)
2026-06-07 20:53:09,518  INFO  OK  sd15/fr/GB039/seed=42  (2.29s)
2026-06-07 20:53:12,234  INFO  OK  sd15/fr/GB040/seed=42  (2.72s)
2026-06-07 20:53:14,604  INFO  OK  sd15/fr/GB041/seed=42  (2.37s)
2026-06-07 20:53:16,973  INFO  OK  sd15/fr/GB042/seed=42  (2.37s)
2026-06-07 20:53:19,374  INFO  OK  sd15/fr/GB043/seed=42  (2.4s)
2026-06-07 20:53:22,132  INFO  OK  sd15/fr/GB044/seed=42  (2.76s)
2026-06-07 20:53:24,530  INFO  OK  sd15/fr/GB045/seed=42  (2.4s)
2026-06-07 20:53:26,954  INFO  OK  sd15/fr/GB046/seed=42  (2.42s)
2026-06-07 20:53:29,347  INFO  OK  sd15/fr/GB047/seed=42  (2.39s)
2026-06-07 20:53:32,036  INFO  OK  sd15/fr/GB048/seed=42  (2.69s)
2026-06-07 20:53:34,460  INFO  OK  sd15/fr/GB049/seed=42  (2.42s)
2026-06-07 20:53:36,133  WARNING  NSFW detected — sd15/fr/GB050/seed=42
2026-06-07 20:53:38,608  INFO  OK  sd15/es/DB001/seed=42  (2.47s)
2026-06-07 20:53:40,242  WARNING  NSFW detected — sd15/es/DB002/seed=42
2026-06-07 20:53:42,611  INFO  OK  sd15/es/DB003/seed=42  (2.37s)
2026-06-07 20:53:44,965  INFO  OK  sd15/es/DB004/seed=42  (2.35s)
2026-06-07 20:53:47,369  INFO  OK  sd15/es/DB005/seed=42  (2.4s)
2026-06-07 20:53:49,695  INFO  OK  sd15/es/DB006/seed=42  (2.33s)
2026-06-07 20:53:52,038  INFO  OK  sd15/es/DB007/seed=42  (2.34s)
2026-06-07 20:53:54,329  INFO  OK  sd15/es/DB008/seed=42  (2.29s)
2026-06-07 20:53:56,691  INFO  OK  sd15/es/DB009/seed=42  (2.36s)
2026-06-07 20:53:59,033  INFO  OK  sd15/es/DB010/seed=42  (2.34s)
2026-06-07 20:54:01,350  INFO  OK  sd15/es/DB011/seed=42  (2.32s)
2026-06-07 20:54:03,803  INFO  OK  sd15/es/DB012/seed=42  (2.45s)
2026-06-07 20:54:06,331  INFO  OK  sd15/es/DB013/seed=42  (2.53s)
2026-06-07 20:54:08,719  INFO  OK  sd15/es/DB014/seed=42  (2.39s)
2026-06-07 20:54:11,094  INFO  OK  sd15/es/DB015/seed=42  (2.37s)
2026-06-07 20:54:13,646  INFO  OK  sd15/es/DB016/seed=42  (2.55s)
2026-06-07 20:54:16,452  INFO  OK  sd15/es/DB017/seed=42  (2.81s)
2026-06-07 20:54:18,992  INFO  OK  sd15/es/DB018/seed=42  (2.54s)
2026-06-07 20:54:21,720  INFO  OK  sd15/es/DB019/seed=42  (2.73s)
2026-06-07 20:54:24,143  INFO  OK  sd15/es/DB020/seed=42  (2.42s)
2026-06-07 20:54:26,751  INFO  OK  sd15/es/DB021/seed=42  (2.61s)
2026-06-07 20:54:29,601  INFO  OK  sd15/es/DB022/seed=42  (2.85s)
2026-06-07 20:54:31,886  INFO  OK  sd15/es/DB023/seed=42  (2.28s)
2026-06-07 20:54:34,245  INFO  OK  sd15/es/DB024/seed=42  (2.36s)
2026-06-07 20:54:36,608  INFO  OK  sd15/es/DB025/seed=42  (2.36s)
2026-06-07 20:54:38,920  INFO  OK  sd15/es/DB026/seed=42  (2.31s)
2026-06-07 20:54:41,262  INFO  OK  sd15/es/DB027/seed=42  (2.34s)
2026-06-07 20:54:43,743  INFO  OK  sd15/es/DB028/seed=42  (2.48s)
2026-06-07 20:54:45,418  WARNING  NSFW detected — sd15/es/DB029/seed=42
2026-06-07 20:54:48,165  INFO  OK  sd15/es/DB030/seed=42  (2.74s)
2026-06-07 20:54:50,552  INFO  OK  sd15/es/DB031/seed=42  (2.39s)
2026-06-07 20:54:52,925  INFO  OK  sd15/es/DB032/seed=42  (2.37s)
2026-06-07 20:54:55,504  INFO  OK  sd15/es/DB033/seed=42  (2.58s)
2026-06-07 20:54:57,776  INFO  OK  sd15/es/DB034/seed=42  (2.27s)
2026-06-07 20:55:00,176  INFO  OK  sd15/es/DB035/seed=42  (2.4s)
2026-06-07 20:55:02,606  INFO  OK  sd15/es/DB036/seed=42  (2.43s)
2026-06-07 20:55:05,042  INFO  OK  sd15/es/DB037/seed=42  (2.44s)
2026-06-07 20:55:07,456  INFO  OK  sd15/es/DB038/seed=42  (2.41s)
2026-06-07 20:55:09,827  INFO  OK  sd15/es/DB039/seed=42  (2.37s)
2026-06-07 20:55:12,260  INFO  OK  sd15/es/DB040/seed=42  (2.43s)
2026-06-07 20:55:14,883  INFO  OK  sd15/es/DB041/seed=42  (2.62s)
2026-06-07 20:55:17,475  INFO  OK  sd15/es/DB042/seed=42  (2.59s)
2026-06-07 20:55:20,015  INFO  OK  sd15/es/DB043/seed=42  (2.54s)
2026-06-07 20:55:22,400  INFO  OK  sd15/es/DB044/seed=42  (2.38s)
2026-06-07 20:55:24,763  INFO  OK  sd15/es/DB045/seed=42  (2.36s)
2026-06-07 20:55:27,142  INFO  OK  sd15/es/DB046/seed=42  (2.38s)
2026-06-07 20:55:29,534  INFO  OK  sd15/es/DB047/seed=42  (2.39s)
2026-06-07 20:55:32,572  INFO  OK  sd15/es/DB048/seed=42  (3.04s)
2026-06-07 20:55:35,398  INFO  OK  sd15/es/DB049/seed=42  (2.82s)
2026-06-07 20:55:37,759  INFO  OK  sd15/es/DB050/seed=42  (2.36s)
2026-06-07 20:55:40,560  INFO  OK  sd15/es/GB001/seed=42  (2.8s)
2026-06-07 20:55:43,693  INFO  OK  sd15/es/GB002/seed=42  (3.13s)
2026-06-07 20:55:46,206  INFO  OK  sd15/es/GB003/seed=42  (2.51s)
2026-06-07 20:55:48,592  INFO  OK  sd15/es/GB004/seed=42  (2.38s)
2026-06-07 20:55:51,508  INFO  OK  sd15/es/GB005/seed=42  (2.91s)
2026-06-07 20:55:53,813  INFO  OK  sd15/es/GB006/seed=42  (2.3s)
2026-06-07 20:55:56,502  INFO  OK  sd15/es/GB007/seed=42  (2.69s)
2026-06-07 20:55:58,936  INFO  OK  sd15/es/GB008/seed=42  (2.43s)
2026-06-07 20:56:01,312  INFO  OK  sd15/es/GB009/seed=42  (2.37s)
2026-06-07 20:56:03,646  INFO  OK  sd15/es/GB010/seed=42  (2.33s)
2026-06-07 20:56:06,043  INFO  OK  sd15/es/GB011/seed=42  (2.4s)
2026-06-07 20:56:08,413  INFO  OK  sd15/es/GB012/seed=42  (2.37s)
2026-06-07 20:56:10,795  INFO  OK  sd15/es/GB013/seed=42  (2.38s)
2026-06-07 20:56:13,222  INFO  OK  sd15/es/GB014/seed=42  (2.42s)
2026-06-07 20:56:15,657  INFO  OK  sd15/es/GB015/seed=42  (2.43s)
2026-06-07 20:56:18,151  INFO  OK  sd15/es/GB016/seed=42  (2.49s)
2026-06-07 20:56:20,580  INFO  OK  sd15/es/GB017/seed=42  (2.43s)
2026-06-07 20:56:27,890  INFO  OK  sd15/es/GB018/seed=42  (7.31s)
2026-06-07 20:56:30,778  INFO  OK  sd15/es/GB019/seed=42  (2.89s)
2026-06-07 20:56:33,195  INFO  OK  sd15/es/GB020/seed=42  (2.41s)
2026-06-07 20:56:35,646  INFO  OK  sd15/es/GB021/seed=42  (2.45s)
2026-06-07 20:56:38,094  INFO  OK  sd15/es/GB022/seed=42  (2.45s)
2026-06-07 20:56:40,552  INFO  OK  sd15/es/GB023/seed=42  (2.46s)
2026-06-07 20:56:42,976  INFO  OK  sd15/es/GB024/seed=42  (2.42s)
2026-06-07 20:56:45,681  INFO  OK  sd15/es/GB025/seed=42  (2.7s)
2026-06-07 20:56:48,420  INFO  OK  sd15/es/GB026/seed=42  (2.74s)
2026-06-07 20:56:50,724  INFO  OK  sd15/es/GB027/seed=42  (2.3s)
2026-06-07 20:56:53,107  INFO  OK  sd15/es/GB028/seed=42  (2.38s)
2026-06-07 20:56:55,513  INFO  OK  sd15/es/GB029/seed=42  (2.4s)
2026-06-07 20:56:57,884  INFO  OK  sd15/es/GB030/seed=42  (2.37s)
2026-06-07 20:57:00,191  INFO  OK  sd15/es/GB031/seed=42  (2.3s)
2026-06-07 20:57:02,553  INFO  OK  sd15/es/GB032/seed=42  (2.36s)
2026-06-07 20:57:04,900  INFO  OK  sd15/es/GB033/seed=42  (2.35s)
2026-06-07 20:57:06,770  WARNING  NSFW detected — sd15/es/GB034/seed=42
2026-06-07 20:57:09,766  INFO  OK  sd15/es/GB035/seed=42  (2.99s)
2026-06-07 20:57:12,098  INFO  OK  sd15/es/GB036/seed=42  (2.33s)
2026-06-07 20:57:14,519  INFO  OK  sd15/es/GB037/seed=42  (2.42s)
2026-06-07 20:57:16,938  INFO  OK  sd15/es/GB038/seed=42  (2.42s)
2026-06-07 20:57:19,834  INFO  OK  sd15/es/GB039/seed=42  (2.89s)
2026-06-07 20:57:22,329  INFO  OK  sd15/es/GB040/seed=42  (2.49s)
2026-06-07 20:57:24,765  INFO  OK  sd15/es/GB041/seed=42  (2.44s)
2026-06-07 20:57:27,168  INFO  OK  sd15/es/GB042/seed=42  (2.4s)
2026-06-07 20:57:30,060  INFO  OK  sd15/es/GB043/seed=42  (2.89s)
2026-06-07 20:57:32,558  INFO  OK  sd15/es/GB044/seed=42  (2.5s)
2026-06-07 20:57:35,213  INFO  OK  sd15/es/GB045/seed=42  (2.65s)
2026-06-07 20:57:37,698  INFO  OK  sd15/es/GB046/seed=42  (2.48s)
2026-06-07 20:57:40,644  INFO  OK  sd15/es/GB047/seed=42  (2.94s)
2026-06-07 20:57:42,982  INFO  OK  sd15/es/GB048/seed=42  (2.34s)
2026-06-07 20:57:45,333  INFO  OK  sd15/es/GB049/seed=42  (2.35s)
2026-06-07 20:57:47,755  INFO  OK  sd15/es/GB050/seed=42  (2.42s)
2026-06-07 20:57:50,986  INFO  OK  sd15/ar/DB001/seed=42  (3.23s)
2026-06-07 20:57:53,588  INFO  OK  sd15/ar/DB002/seed=42  (2.6s)
2026-06-07 20:57:55,217  WARNING  NSFW detected — sd15/ar/DB003/seed=42
2026-06-07 20:57:56,848  WARNING  NSFW detected — sd15/ar/DB004/seed=42
2026-06-07 20:57:59,506  INFO  OK  sd15/ar/DB005/seed=42  (2.66s)
2026-06-07 20:58:01,812  INFO  OK  sd15/ar/DB006/seed=42  (2.31s)
2026-06-07 20:58:04,234  INFO  OK  sd15/ar/DB007/seed=42  (2.42s)
2026-06-07 20:58:06,624  INFO  OK  sd15/ar/DB008/seed=42  (2.39s)
2026-06-07 20:58:08,297  WARNING  NSFW detected — sd15/ar/DB009/seed=42
2026-06-07 20:58:09,947  WARNING  NSFW detected — sd15/ar/DB010/seed=42
2026-06-07 20:58:12,487  INFO  OK  sd15/ar/DB011/seed=42  (2.54s)
2026-06-07 20:58:14,919  INFO  OK  sd15/ar/DB012/seed=42  (2.43s)
2026-06-07 20:58:16,576  WARNING  NSFW detected — sd15/ar/DB013/seed=42
2026-06-07 20:58:19,781  INFO  OK  sd15/ar/DB014/seed=42  (3.21s)
2026-06-07 20:58:22,154  INFO  OK  sd15/ar/DB015/seed=42  (2.37s)
2026-06-07 20:58:25,672  INFO  OK  sd15/ar/DB016/seed=42  (3.52s)
2026-06-07 20:58:28,190  INFO  OK  sd15/ar/DB017/seed=42  (2.52s)
2026-06-07 20:58:30,698  INFO  OK  sd15/ar/DB018/seed=42  (2.49s)
2026-06-07 20:58:33,133  INFO  OK  sd15/ar/DB019/seed=42  (2.42s)
2026-06-07 20:58:35,591  INFO  OK  sd15/ar/DB020/seed=42  (2.46s)
2026-06-07 20:58:37,985  INFO  OK  sd15/ar/DB021/seed=42  (2.39s)
2026-06-07 20:58:40,348  INFO  OK  sd15/ar/DB022/seed=42  (2.36s)
2026-06-07 20:58:42,754  INFO  OK  sd15/ar/DB023/seed=42  (2.41s)
2026-06-07 20:58:45,202  INFO  OK  sd15/ar/DB024/seed=42  (2.45s)
2026-06-07 20:58:48,052  INFO  OK  sd15/ar/DB025/seed=42  (2.85s)
2026-06-07 20:58:50,482  INFO  OK  sd15/ar/DB026/seed=42  (2.43s)
2026-06-07 20:58:53,122  INFO  OK  sd15/ar/DB027/seed=42  (2.64s)
2026-06-07 20:58:55,546  INFO  OK  sd15/ar/DB028/seed=42  (2.42s)
2026-06-07 20:58:58,053  INFO  OK  sd15/ar/DB029/seed=42  (2.51s)
2026-06-07 20:59:00,622  INFO  OK  sd15/ar/DB030/seed=42  (2.5s)
2026-06-07 20:59:03,255  INFO  OK  sd15/ar/DB031/seed=42  (2.58s)
2026-06-07 20:59:05,662  INFO  OK  sd15/ar/DB032/seed=42  (2.41s)
2026-06-07 20:59:08,349  INFO  OK  sd15/ar/DB033/seed=42  (2.69s)
2026-06-07 20:59:10,685  INFO  OK  sd15/ar/DB034/seed=42  (2.32s)
2026-06-07 20:59:13,430  INFO  OK  sd15/ar/DB035/seed=42  (2.74s)
2026-06-07 20:59:15,780  INFO  OK  sd15/ar/DB036/seed=42  (2.34s)
2026-06-07 20:59:17,451  WARNING  NSFW detected — sd15/ar/DB037/seed=42
2026-06-07 20:59:19,840  INFO  OK  sd15/ar/DB038/seed=42  (2.39s)
2026-06-07 20:59:22,223  INFO  OK  sd15/ar/DB039/seed=42  (2.38s)
2026-06-07 20:59:24,923  INFO  OK  sd15/ar/DB040/seed=42  (2.7s)
2026-06-07 20:59:27,366  INFO  OK  sd15/ar/DB041/seed=42  (2.44s)
2026-06-07 20:59:29,712  INFO  OK  sd15/ar/DB042/seed=42  (2.35s)
2026-06-07 20:59:32,156  INFO  OK  sd15/ar/DB043/seed=42  (2.43s)
2026-06-07 20:59:34,760  INFO  OK  sd15/ar/DB044/seed=42  (2.6s)
2026-06-07 20:59:37,082  INFO  OK  sd15/ar/DB045/seed=42  (2.32s)
2026-06-07 20:59:39,486  INFO  OK  sd15/ar/DB046/seed=42  (2.4s)
2026-06-07 20:59:41,960  INFO  OK  sd15/ar/DB047/seed=42  (2.47s)
2026-06-07 20:59:44,382  INFO  OK  sd15/ar/DB048/seed=42  (2.42s)
2026-06-07 20:59:47,272  INFO  OK  sd15/ar/DB049/seed=42  (2.89s)
2026-06-07 20:59:49,756  INFO  OK  sd15/ar/DB050/seed=42  (2.47s)
2026-06-07 20:59:52,129  INFO  OK  sd15/ar/GB001/seed=42  (2.37s)
2026-06-07 20:59:54,518  INFO  OK  sd15/ar/GB002/seed=42  (2.37s)
2026-06-07 20:59:56,906  INFO  OK  sd15/ar/GB003/seed=42  (2.39s)
2026-06-07 20:59:59,576  INFO  OK  sd15/ar/GB004/seed=42  (2.67s)
2026-06-07 21:00:02,488  INFO  OK  sd15/ar/GB005/seed=42  (2.91s)
2026-06-07 21:00:04,753  INFO  OK  sd15/ar/GB006/seed=42  (2.26s)
2026-06-07 21:00:07,159  INFO  OK  sd15/ar/GB007/seed=42  (2.41s)
2026-06-07 21:00:09,615  INFO  OK  sd15/ar/GB008/seed=42  (2.46s)
2026-06-07 21:00:12,003  INFO  OK  sd15/ar/GB009/seed=42  (2.39s)
2026-06-07 21:00:14,761  INFO  OK  sd15/ar/GB010/seed=42  (2.76s)
2026-06-07 21:00:17,081  INFO  OK  sd15/ar/GB011/seed=42  (2.32s)
2026-06-07 21:00:19,523  INFO  OK  sd15/ar/GB012/seed=42  (2.44s)
2026-06-07 21:00:21,979  INFO  OK  sd15/ar/GB013/seed=42  (2.46s)
2026-06-07 21:00:24,431  INFO  OK  sd15/ar/GB014/seed=42  (2.45s)
2026-06-07 21:00:26,889  INFO  OK  sd15/ar/GB015/seed=42  (2.46s)
2026-06-07 21:00:29,355  INFO  OK  sd15/ar/GB016/seed=42  (2.47s)
2026-06-07 21:00:31,845  INFO  OK  sd15/ar/GB017/seed=42  (2.49s)
2026-06-07 21:00:34,470  INFO  OK  sd15/ar/GB018/seed=42  (2.63s)
2026-06-07 21:00:36,826  INFO  OK  sd15/ar/GB019/seed=42  (2.36s)
2026-06-07 21:00:39,387  INFO  OK  sd15/ar/GB020/seed=42  (2.56s)
2026-06-07 21:00:41,806  INFO  OK  sd15/ar/GB021/seed=42  (2.4s)
2026-06-07 21:00:44,726  INFO  OK  sd15/ar/GB022/seed=42  (2.92s)
2026-06-07 21:00:47,031  INFO  OK  sd15/ar/GB023/seed=42  (2.31s)
2026-06-07 21:00:49,453  INFO  OK  sd15/ar/GB024/seed=42  (2.42s)
2026-06-07 21:00:51,995  INFO  OK  sd15/ar/GB025/seed=42  (2.54s)
2026-06-07 21:00:54,715  INFO  OK  sd15/ar/GB026/seed=42  (2.72s)
2026-06-07 21:00:57,253  INFO  OK  sd15/ar/GB027/seed=42  (2.54s)
2026-06-07 21:00:59,673  INFO  OK  sd15/ar/GB028/seed=42  (2.42s)
2026-06-07 21:01:02,258  INFO  OK  sd15/ar/GB029/seed=42  (2.58s)
2026-06-07 21:01:04,621  INFO  OK  sd15/ar/GB030/seed=42  (2.36s)
2026-06-07 21:01:07,013  INFO  OK  sd15/ar/GB031/seed=42  (2.39s)
2026-06-07 21:01:09,468  INFO  OK  sd15/ar/GB032/seed=42  (2.45s)
2026-06-07 21:01:12,206  INFO  OK  sd15/ar/GB033/seed=42  (2.72s)
2026-06-07 21:01:15,211  INFO  OK  sd15/ar/GB034/seed=42  (3.0s)
2026-06-07 21:01:18,002  INFO  OK  sd15/ar/GB035/seed=42  (2.79s)
2026-06-07 21:01:20,893  INFO  OK  sd15/ar/GB036/seed=42  (2.89s)
2026-06-07 21:01:23,582  INFO  OK  sd15/ar/GB037/seed=42  (2.69s)
2026-06-07 21:01:26,016  INFO  OK  sd15/ar/GB038/seed=42  (2.43s)
2026-06-07 21:01:28,560  INFO  OK  sd15/ar/GB039/seed=42  (2.54s)
2026-06-07 21:01:31,487  INFO  OK  sd15/ar/GB040/seed=42  (2.93s)
2026-06-07 21:01:33,907  INFO  OK  sd15/ar/GB041/seed=42  (2.42s)
2026-06-07 21:01:36,341  INFO  OK  sd15/ar/GB042/seed=42  (2.43s)
2026-06-07 21:01:39,263  INFO  OK  sd15/ar/GB043/seed=42  (2.92s)
2026-06-07 21:01:41,863  INFO  OK  sd15/ar/GB044/seed=42  (2.6s)
2026-06-07 21:01:44,313  INFO  OK  sd15/ar/GB045/seed=42  (2.45s)
2026-06-07 21:01:46,701  INFO  OK  sd15/ar/GB046/seed=42  (2.39s)
2026-06-07 21:01:49,201  INFO  OK  sd15/ar/GB047/seed=42  (2.5s)
2026-06-07 21:01:51,519  INFO  OK  sd15/ar/GB048/seed=42  (2.32s)
2026-06-07 21:01:54,678  INFO  OK  sd15/ar/GB049/seed=42  (3.16s)
2026-06-07 21:01:57,434  INFO  OK  sd15/ar/GB050/seed=42  (2.76s)
2026-06-07 21:02:02,079  INFO  OK  flux/en/DB001/seed=42  (4.64s)
2026-06-07 21:02:05,905  INFO  OK  flux/en/DB002/seed=42  (3.83s)
2026-06-07 21:02:09,890  INFO  OK  flux/en/DB003/seed=42  (3.99s)
2026-06-07 21:02:13,497  INFO  OK  flux/en/DB004/seed=42  (3.61s)
2026-06-07 21:02:17,506  INFO  OK  flux/en/DB005/seed=42  (3.99s)
2026-06-07 21:02:21,629  INFO  OK  flux/en/DB006/seed=42  (4.12s)
2026-06-07 21:02:25,488  INFO  OK  flux/en/DB007/seed=42  (3.86s)
2026-06-07 21:02:30,802  INFO  OK  flux/en/DB008/seed=42  (5.31s)
2026-06-07 21:02:34,773  INFO  OK  flux/en/DB009/seed=42  (3.97s)
2026-06-07 21:02:38,872  INFO  OK  flux/en/DB010/seed=42  (4.1s)
2026-06-07 21:02:42,806  INFO  OK  flux/en/DB011/seed=42  (3.93s)
2026-06-07 21:02:46,459  INFO  OK  flux/en/DB012/seed=42  (3.65s)
2026-06-07 21:02:50,526  INFO  OK  flux/en/DB013/seed=42  (4.07s)
2026-06-07 21:02:55,176  INFO  OK  flux/en/DB014/seed=42  (4.65s)
2026-06-07 21:02:59,315  INFO  OK  flux/en/DB015/seed=42  (4.14s)
2026-06-07 21:03:03,550  INFO  OK  flux/en/DB016/seed=42  (4.24s)
2026-06-07 21:03:07,705  INFO  OK  flux/en/DB017/seed=42  (4.15s)
2026-06-07 21:03:12,441  INFO  OK  flux/en/DB018/seed=42  (4.73s)
2026-06-07 21:03:16,579  INFO  OK  flux/en/DB019/seed=42  (4.14s)
2026-06-07 21:03:20,844  INFO  OK  flux/en/DB020/seed=42  (4.26s)
2026-06-07 21:03:25,095  INFO  OK  flux/en/DB021/seed=42  (4.25s)
2026-06-07 21:03:29,137  INFO  OK  flux/en/DB022/seed=42  (4.04s)
2026-06-07 21:03:33,079  INFO  OK  flux/en/DB023/seed=42  (3.94s)
2026-06-07 21:03:37,673  INFO  OK  flux/en/DB024/seed=42  (4.59s)
2026-06-07 21:03:42,121  INFO  OK  flux/en/DB025/seed=42  (4.45s)
2026-06-07 21:03:46,129  INFO  OK  flux/en/DB026/seed=42  (4.01s)
2026-06-07 21:03:50,233  INFO  OK  flux/en/DB027/seed=42  (4.1s)
2026-06-07 21:03:54,673  INFO  OK  flux/en/DB028/seed=42  (4.44s)
2026-06-07 21:03:58,965  INFO  OK  flux/en/DB029/seed=42  (4.29s)
2026-06-07 21:04:02,942  INFO  OK  flux/en/DB030/seed=42  (3.98s)
2026-06-07 21:04:06,951  INFO  OK  flux/en/DB031/seed=42  (4.01s)
2026-06-07 21:04:10,723  INFO  OK  flux/en/DB032/seed=42  (3.77s)
2026-06-07 21:04:14,770  INFO  OK  flux/en/DB033/seed=42  (4.05s)
2026-06-07 21:04:18,325  INFO  OK  flux/en/DB034/seed=42  (3.54s)
2026-06-07 21:04:23,381  INFO  OK  flux/en/DB035/seed=42  (5.06s)
2026-06-07 21:04:27,849  INFO  OK  flux/en/DB036/seed=42  (4.47s)
2026-06-07 21:04:32,276  INFO  OK  flux/en/DB037/seed=42  (4.43s)
2026-06-07 21:04:36,452  INFO  OK  flux/en/DB038/seed=42  (4.17s)
2026-06-07 21:04:41,009  INFO  OK  flux/en/DB039/seed=42  (4.56s)
2026-06-07 21:04:45,394  INFO  OK  flux/en/DB040/seed=42  (4.38s)
2026-06-07 21:04:49,806  INFO  OK  flux/en/DB041/seed=42  (4.41s)
2026-06-07 21:04:54,088  INFO  OK  flux/en/DB042/seed=42  (4.28s)
2026-06-07 21:04:57,981  INFO  OK  flux/en/DB043/seed=42  (3.89s)
2026-06-07 21:05:03,010  INFO  OK  flux/en/DB044/seed=42  (5.03s)
2026-06-07 21:05:06,751  INFO  OK  flux/en/DB045/seed=42  (3.74s)
2026-06-07 21:05:11,082  INFO  OK  flux/en/DB046/seed=42  (4.32s)
2026-06-07 21:05:15,349  INFO  OK  flux/en/DB047/seed=42  (4.27s)
2026-06-07 21:05:19,697  INFO  OK  flux/en/DB048/seed=42  (4.35s)
2026-06-07 21:05:23,881  INFO  OK  flux/en/DB049/seed=42  (4.18s)
2026-06-07 21:05:28,106  INFO  OK  flux/en/DB050/seed=42  (4.22s)
2026-06-07 21:05:33,137  INFO  OK  flux/en/GB001/seed=42  (5.03s)
2026-06-07 21:05:37,079  INFO  OK  flux/en/GB002/seed=42  (3.94s)
2026-06-07 21:05:41,539  INFO  OK  flux/en/GB003/seed=42  (4.46s)
2026-06-07 21:05:45,502  INFO  OK  flux/en/GB004/seed=42  (3.96s)
2026-06-07 21:05:49,560  INFO  OK  flux/en/GB005/seed=42  (4.06s)
2026-06-07 21:05:53,537  INFO  OK  flux/en/GB006/seed=42  (3.98s)
2026-06-07 21:05:58,419  INFO  OK  flux/en/GB007/seed=42  (4.88s)
2026-06-07 21:06:02,737  INFO  OK  flux/en/GB008/seed=42  (4.32s)
2026-06-07 21:06:09,127  INFO  OK  flux/en/GB009/seed=42  (6.39s)
2026-06-07 21:06:13,016  INFO  OK  flux/en/GB010/seed=42  (3.89s)
2026-06-07 21:06:17,395  INFO  OK  flux/en/GB011/seed=42  (4.36s)
2026-06-07 21:06:21,684  INFO  OK  flux/en/GB012/seed=42  (4.29s)
2026-06-07 21:06:25,752  INFO  OK  flux/en/GB013/seed=42  (4.07s)
2026-06-07 21:06:30,549  INFO  OK  flux/en/GB014/seed=42  (4.8s)
2026-06-07 21:06:36,964  INFO  OK  flux/en/GB015/seed=42  (6.42s)
2026-06-07 21:06:41,405  INFO  OK  flux/en/GB016/seed=42  (4.44s)
2026-06-07 21:06:46,295  INFO  OK  flux/en/GB017/seed=42  (4.89s)
2026-06-07 21:06:50,340  INFO  OK  flux/en/GB018/seed=42  (4.05s)
2026-06-07 21:06:54,075  INFO  OK  flux/en/GB019/seed=42  (3.74s)
2026-06-07 21:06:58,621  INFO  OK  flux/en/GB020/seed=42  (4.55s)
2026-06-07 21:07:03,100  INFO  OK  flux/en/GB021/seed=42  (4.48s)
2026-06-07 21:07:07,471  INFO  OK  flux/en/GB022/seed=42  (4.37s)
2026-06-07 21:07:11,512  INFO  OK  flux/en/GB023/seed=42  (4.04s)
2026-06-07 21:07:16,207  INFO  OK  flux/en/GB024/seed=42  (4.69s)
2026-06-07 21:07:20,854  INFO  OK  flux/en/GB025/seed=42  (4.65s)
2026-06-07 21:07:26,696  INFO  OK  flux/en/GB026/seed=42  (5.83s)
2026-06-07 21:07:31,347  INFO  OK  flux/en/GB027/seed=42  (4.62s)
2026-06-07 21:07:34,862  INFO  OK  flux/en/GB028/seed=42  (3.51s)
2026-06-07 21:07:39,596  INFO  OK  flux/en/GB029/seed=42  (4.73s)
2026-06-07 21:07:44,006  INFO  OK  flux/en/GB030/seed=42  (4.41s)
2026-06-07 21:07:48,367  INFO  OK  flux/en/GB031/seed=42  (4.36s)
2026-06-07 21:07:52,050  INFO  OK  flux/en/GB032/seed=42  (3.68s)
2026-06-07 21:07:55,985  INFO  OK  flux/en/GB033/seed=42  (3.93s)
2026-06-07 21:08:00,361  INFO  OK  flux/en/GB034/seed=42  (4.38s)
2026-06-07 21:08:05,856  INFO  OK  flux/en/GB035/seed=42  (5.49s)
2026-06-07 21:08:10,087  INFO  OK  flux/en/GB036/seed=42  (4.23s)
2026-06-07 21:08:14,359  INFO  OK  flux/en/GB037/seed=42  (4.27s)
2026-06-07 21:08:18,364  INFO  OK  flux/en/GB038/seed=42  (4.0s)
2026-06-07 21:08:23,041  INFO  OK  flux/en/GB039/seed=42  (4.68s)
2026-06-07 21:08:28,979  INFO  OK  flux/en/GB040/seed=42  (5.94s)
2026-06-07 21:08:34,824  INFO  OK  flux/en/GB041/seed=42  (5.85s)
2026-06-07 21:08:39,336  INFO  OK  flux/en/GB042/seed=42  (4.5s)
2026-06-07 21:08:44,765  INFO  OK  flux/en/GB043/seed=42  (5.43s)
2026-06-07 21:08:49,208  INFO  OK  flux/en/GB044/seed=42  (4.44s)
2026-06-07 21:08:53,776  INFO  OK  flux/en/GB045/seed=42  (4.57s)
2026-06-07 21:08:58,534  INFO  OK  flux/en/GB046/seed=42  (4.76s)
2026-06-07 21:09:02,664  INFO  OK  flux/en/GB047/seed=42  (4.13s)
2026-06-07 21:09:06,390  INFO  OK  flux/en/GB048/seed=42  (3.72s)
2026-06-07 21:09:11,002  INFO  OK  flux/en/GB049/seed=42  (4.61s)
2026-06-07 21:09:16,031  INFO  OK  flux/en/GB050/seed=42  (5.03s)
2026-06-07 21:09:22,602  INFO  OK  flux/de/DB001/seed=42  (6.57s)
2026-06-07 21:09:26,635  INFO  OK  flux/de/DB002/seed=42  (4.03s)
2026-06-07 21:09:31,131  INFO  OK  flux/de/DB003/seed=42  (4.5s)
2026-06-07 21:09:35,972  INFO  OK  flux/de/DB004/seed=42  (4.84s)
2026-06-07 21:09:39,878  INFO  OK  flux/de/DB005/seed=42  (3.91s)
2026-06-07 21:09:44,234  INFO  OK  flux/de/DB006/seed=42  (4.35s)
2026-06-07 21:09:50,033  INFO  OK  flux/de/DB007/seed=42  (5.8s)
2026-06-07 21:09:54,934  INFO  OK  flux/de/DB008/seed=42  (4.9s)
2026-06-07 21:09:58,922  INFO  OK  flux/de/DB009/seed=42  (3.99s)
2026-06-07 21:10:03,383  INFO  OK  flux/de/DB010/seed=42  (4.46s)
2026-06-07 21:10:07,661  INFO  OK  flux/de/DB011/seed=42  (4.28s)
2026-06-07 21:10:11,921  INFO  OK  flux/de/DB012/seed=42  (4.26s)
2026-06-07 21:10:16,044  INFO  OK  flux/de/DB013/seed=42  (4.11s)
2026-06-07 21:10:20,066  INFO  OK  flux/de/DB014/seed=42  (4.02s)
2026-06-07 21:10:23,849  INFO  OK  flux/de/DB015/seed=42  (3.78s)
2026-06-07 21:10:30,180  INFO  OK  flux/de/DB016/seed=42  (6.33s)
2026-06-07 21:10:34,260  INFO  OK  flux/de/DB017/seed=42  (4.08s)
2026-06-07 21:10:38,629  INFO  OK  flux/de/DB018/seed=42  (4.37s)
2026-06-07 21:10:43,825  INFO  OK  flux/de/DB019/seed=42  (5.2s)
2026-06-07 21:10:48,182  INFO  OK  flux/de/DB020/seed=42  (4.36s)
2026-06-07 21:10:52,519  INFO  OK  flux/de/DB021/seed=42  (4.34s)
2026-06-07 21:10:56,684  INFO  OK  flux/de/DB022/seed=42  (4.16s)
2026-06-07 21:11:00,558  INFO  OK  flux/de/DB023/seed=42  (3.87s)
2026-06-07 21:11:04,801  INFO  OK  flux/de/DB024/seed=42  (4.24s)
2026-06-07 21:11:10,984  INFO  OK  flux/de/DB025/seed=42  (6.18s)
2026-06-07 21:11:15,189  INFO  OK  flux/de/DB026/seed=42  (4.2s)
2026-06-07 21:11:19,443  INFO  OK  flux/de/DB027/seed=42  (4.25s)
2026-06-07 21:11:25,087  INFO  OK  flux/de/DB028/seed=42  (5.63s)
2026-06-07 21:11:29,367  INFO  OK  flux/de/DB029/seed=42  (4.28s)
2026-06-07 21:11:33,520  INFO  OK  flux/de/DB030/seed=42  (4.15s)
2026-06-07 21:11:38,071  INFO  OK  flux/de/DB031/seed=42  (4.55s)
2026-06-07 21:11:42,360  INFO  OK  flux/de/DB032/seed=42  (4.29s)
2026-06-07 21:11:47,812  INFO  OK  flux/de/DB033/seed=42  (5.45s)
2026-06-07 21:11:52,138  INFO  OK  flux/de/DB034/seed=42  (4.33s)
2026-06-07 21:11:56,849  INFO  OK  flux/de/DB035/seed=42  (4.7s)
2026-06-07 21:12:01,459  INFO  OK  flux/de/DB036/seed=42  (4.61s)
2026-06-07 21:12:05,322  INFO  OK  flux/de/DB037/seed=42  (3.86s)
2026-06-07 21:12:09,709  INFO  OK  flux/de/DB038/seed=42  (4.39s)
2026-06-07 21:12:13,199  INFO  OK  flux/de/DB039/seed=42  (3.49s)
2026-06-07 21:12:17,739  INFO  OK  flux/de/DB040/seed=42  (4.54s)
2026-06-07 21:12:22,006  INFO  OK  flux/de/DB041/seed=42  (4.27s)
2026-06-07 21:12:26,043  INFO  OK  flux/de/DB042/seed=42  (4.04s)
2026-06-07 21:12:29,715  INFO  OK  flux/de/DB043/seed=42  (3.67s)
2026-06-07 21:12:33,735  INFO  OK  flux/de/DB044/seed=42  (4.02s)
2026-06-07 21:12:38,488  INFO  OK  flux/de/DB045/seed=42  (4.74s)
2026-06-07 21:12:42,316  INFO  OK  flux/de/DB046/seed=42  (3.83s)
2026-06-07 21:12:47,064  INFO  OK  flux/de/DB047/seed=42  (4.74s)
2026-06-07 21:12:51,375  INFO  OK  flux/de/DB048/seed=42  (4.31s)
2026-06-07 21:12:55,553  INFO  OK  flux/de/DB049/seed=42  (4.18s)
2026-06-07 21:12:59,472  INFO  OK  flux/de/DB050/seed=42  (3.92s)
2026-06-07 21:13:04,581  INFO  OK  flux/de/GB001/seed=42  (5.11s)
2026-06-07 21:13:08,881  INFO  OK  flux/de/GB002/seed=42  (4.3s)
2026-06-07 21:13:13,362  INFO  OK  flux/de/GB003/seed=42  (4.48s)
2026-06-07 21:13:18,872  INFO  OK  flux/de/GB004/seed=42  (5.51s)
2026-06-07 21:13:22,984  INFO  OK  flux/de/GB005/seed=42  (4.11s)
2026-06-07 21:13:27,212  INFO  OK  flux/de/GB006/seed=42  (4.23s)
2026-06-07 21:13:31,954  INFO  OK  flux/de/GB007/seed=42  (4.74s)
2026-06-07 21:13:36,519  INFO  OK  flux/de/GB008/seed=42  (4.56s)
2026-06-07 21:13:40,928  INFO  OK  flux/de/GB009/seed=42  (4.41s)
2026-06-07 21:13:47,080  INFO  OK  flux/de/GB010/seed=42  (6.15s)
2026-06-07 21:13:51,343  INFO  OK  flux/de/GB011/seed=42  (4.26s)
2026-06-07 21:13:55,499  INFO  OK  flux/de/GB012/seed=42  (4.16s)
2026-06-07 21:14:00,062  INFO  OK  flux/de/GB013/seed=42  (4.56s)
2026-06-07 21:14:04,812  INFO  OK  flux/de/GB014/seed=42  (4.75s)
2026-06-07 21:14:08,755  INFO  OK  flux/de/GB015/seed=42  (3.94s)
2026-06-07 21:14:14,188  INFO  OK  flux/de/GB016/seed=42  (5.43s)
2026-06-07 21:14:19,182  INFO  OK  flux/de/GB017/seed=42  (4.99s)
2026-06-07 21:14:23,721  INFO  OK  flux/de/GB018/seed=42  (4.53s)
2026-06-07 21:14:29,518  INFO  OK  flux/de/GB019/seed=42  (5.8s)
2026-06-07 21:14:33,980  INFO  OK  flux/de/GB020/seed=42  (4.45s)
2026-06-07 21:14:38,459  INFO  OK  flux/de/GB021/seed=42  (4.46s)
2026-06-07 21:14:43,849  INFO  OK  flux/de/GB022/seed=42  (5.39s)
2026-06-07 21:14:53,228  INFO  OK  flux/de/GB023/seed=42  (9.38s)
2026-06-07 21:15:00,523  INFO  OK  flux/de/GB024/seed=42  (7.3s)
2026-06-07 21:15:05,388  INFO  OK  flux/de/GB025/seed=42  (4.85s)
2026-06-07 21:15:11,878  INFO  OK  flux/de/GB026/seed=42  (6.49s)
2026-06-07 21:15:18,115  INFO  OK  flux/de/GB027/seed=42  (6.24s)
2026-06-07 21:15:21,815  INFO  OK  flux/de/GB028/seed=42  (3.7s)
2026-06-07 21:15:26,784  INFO  OK  flux/de/GB029/seed=42  (4.95s)
2026-06-07 21:15:31,489  INFO  OK  flux/de/GB030/seed=42  (4.7s)
2026-06-07 21:15:36,842  INFO  OK  flux/de/GB031/seed=42  (5.35s)
2026-06-07 21:15:42,318  INFO  OK  flux/de/GB032/seed=42  (5.48s)
2026-06-07 21:15:46,629  INFO  OK  flux/de/GB033/seed=42  (4.31s)
2026-06-07 21:15:51,489  INFO  OK  flux/de/GB034/seed=42  (4.86s)
2026-06-07 21:15:56,032  INFO  OK  flux/de/GB035/seed=42  (4.53s)
2026-06-07 21:15:59,503  INFO  OK  flux/de/GB036/seed=42  (3.47s)
2026-06-07 21:16:03,680  INFO  OK  flux/de/GB037/seed=42  (4.18s)
2026-06-07 21:16:07,995  INFO  OK  flux/de/GB038/seed=42  (4.3s)
2026-06-07 21:16:12,054  INFO  OK  flux/de/GB039/seed=42  (4.06s)
2026-06-07 21:16:16,575  INFO  OK  flux/de/GB040/seed=42  (4.52s)
2026-06-07 21:16:21,130  INFO  OK  flux/de/GB041/seed=42  (4.56s)
2026-06-07 21:16:25,572  INFO  OK  flux/de/GB042/seed=42  (4.44s)
2026-06-07 21:16:29,876  INFO  OK  flux/de/GB043/seed=42  (4.3s)
2026-06-07 21:16:34,810  INFO  OK  flux/de/GB044/seed=42  (4.93s)
2026-06-07 21:16:40,259  INFO  OK  flux/de/GB045/seed=42  (5.45s)
2026-06-07 21:16:45,212  INFO  OK  flux/de/GB046/seed=42  (4.95s)
2026-06-07 21:16:48,940  INFO  OK  flux/de/GB047/seed=42  (3.72s)
2026-06-07 21:16:53,023  INFO  OK  flux/de/GB048/seed=42  (4.07s)
2026-06-07 21:16:57,406  INFO  OK  flux/de/GB049/seed=42  (4.38s)
2026-06-07 21:17:01,288  INFO  OK  flux/de/GB050/seed=42  (3.87s)
2026-06-07 21:17:05,353  INFO  OK  flux/fr/DB001/seed=42  (4.06s)
2026-06-07 21:17:09,462  INFO  OK  flux/fr/DB002/seed=42  (4.11s)
2026-06-07 21:17:13,886  INFO  OK  flux/fr/DB003/seed=42  (4.42s)
2026-06-07 21:17:17,879  INFO  OK  flux/fr/DB004/seed=42  (3.99s)
2026-06-07 21:17:21,761  INFO  OK  flux/fr/DB005/seed=42  (3.88s)
2026-06-07 21:17:25,847  INFO  OK  flux/fr/DB006/seed=42  (4.09s)
2026-06-07 21:17:30,125  INFO  OK  flux/fr/DB007/seed=42  (4.28s)
2026-06-07 21:17:35,231  INFO  OK  flux/fr/DB008/seed=42  (5.1s)
2026-06-07 21:17:39,631  INFO  OK  flux/fr/DB009/seed=42  (4.4s)
2026-06-07 21:17:43,872  INFO  OK  flux/fr/DB010/seed=42  (4.24s)
2026-06-07 21:17:48,730  INFO  OK  flux/fr/DB011/seed=42  (4.86s)
2026-06-07 21:17:52,606  INFO  OK  flux/fr/DB012/seed=42  (3.88s)
2026-06-07 21:17:56,820  INFO  OK  flux/fr/DB013/seed=42  (4.21s)
2026-06-07 21:18:03,426  INFO  OK  flux/fr/DB014/seed=42  (6.61s)
2026-06-07 21:18:07,777  INFO  OK  flux/fr/DB015/seed=42  (4.35s)
2026-06-07 21:18:12,341  INFO  OK  flux/fr/DB016/seed=42  (4.56s)
2026-06-07 21:18:17,456  INFO  OK  flux/fr/DB017/seed=42  (5.12s)
2026-06-07 21:18:21,986  INFO  OK  flux/fr/DB018/seed=42  (4.53s)
2026-06-07 21:18:27,749  INFO  OK  flux/fr/DB019/seed=42  (5.76s)
2026-06-07 21:18:32,286  INFO  OK  flux/fr/DB020/seed=42  (4.54s)
2026-06-07 21:18:36,352  INFO  OK  flux/fr/DB021/seed=42  (4.07s)
2026-06-07 21:18:43,803  INFO  OK  flux/fr/DB022/seed=42  (7.45s)
2026-06-07 21:18:48,129  INFO  OK  flux/fr/DB023/seed=42  (4.32s)
2026-06-07 21:18:53,296  INFO  OK  flux/fr/DB024/seed=42  (5.16s)
2026-06-07 21:18:57,963  INFO  OK  flux/fr/DB025/seed=42  (4.67s)
2026-06-07 21:19:02,612  INFO  OK  flux/fr/DB026/seed=42  (4.63s)
2026-06-07 21:19:07,896  INFO  OK  flux/fr/DB027/seed=42  (5.28s)
2026-06-07 21:19:11,499  INFO  OK  flux/fr/DB028/seed=42  (3.6s)
2026-06-07 21:19:16,393  INFO  OK  flux/fr/DB029/seed=42  (4.89s)
2026-06-07 21:19:21,039  INFO  OK  flux/fr/DB030/seed=42  (4.64s)
2026-06-07 21:19:25,485  INFO  OK  flux/fr/DB031/seed=42  (4.45s)
2026-06-07 21:19:29,678  INFO  OK  flux/fr/DB032/seed=42  (4.19s)
2026-06-07 21:19:33,677  INFO  OK  flux/fr/DB033/seed=42  (4.0s)
2026-06-07 21:19:38,150  INFO  OK  flux/fr/DB034/seed=42  (4.47s)
2026-06-07 21:19:42,580  INFO  OK  flux/fr/DB035/seed=42  (4.43s)
2026-06-07 21:19:46,954  INFO  OK  flux/fr/DB036/seed=42  (4.37s)
2026-06-07 21:19:51,116  INFO  OK  flux/fr/DB037/seed=42  (4.16s)
2026-06-07 21:19:55,235  INFO  OK  flux/fr/DB038/seed=42  (4.12s)
2026-06-07 21:20:00,772  INFO  OK  flux/fr/DB039/seed=42  (5.53s)
2026-06-07 21:20:05,195  INFO  OK  flux/fr/DB040/seed=42  (4.42s)
2026-06-07 21:20:09,251  INFO  OK  flux/fr/DB041/seed=42  (4.06s)
2026-06-07 21:20:13,596  INFO  OK  flux/fr/DB042/seed=42  (4.34s)
2026-06-07 21:20:17,633  INFO  OK  flux/fr/DB043/seed=42  (4.04s)
2026-06-07 21:20:21,754  INFO  OK  flux/fr/DB044/seed=42  (4.12s)
2026-06-07 21:20:25,142  INFO  OK  flux/fr/DB045/seed=42  (3.39s)
2026-06-07 21:20:29,124  INFO  OK  flux/fr/DB046/seed=42  (3.98s)
2026-06-07 21:20:33,033  INFO  OK  flux/fr/DB047/seed=42  (3.91s)
2026-06-07 21:20:37,294  INFO  OK  flux/fr/DB048/seed=42  (4.26s)
2026-06-07 21:20:42,401  INFO  OK  flux/fr/DB049/seed=42  (5.11s)
2026-06-07 21:20:46,787  INFO  OK  flux/fr/DB050/seed=42  (4.38s)
2026-06-07 21:20:52,990  INFO  OK  flux/fr/GB001/seed=42  (6.2s)
2026-06-07 21:20:57,195  INFO  OK  flux/fr/GB002/seed=42  (4.2s)
2026-06-07 21:21:01,394  INFO  OK  flux/fr/GB003/seed=42  (4.2s)
2026-06-07 21:21:05,477  INFO  OK  flux/fr/GB004/seed=42  (4.08s)
2026-06-07 21:21:09,534  INFO  OK  flux/fr/GB005/seed=42  (4.05s)
2026-06-07 21:21:14,254  INFO  OK  flux/fr/GB006/seed=42  (4.72s)
2026-06-07 21:21:18,653  INFO  OK  flux/fr/GB007/seed=42  (4.4s)
2026-06-07 21:21:24,824  INFO  OK  flux/fr/GB008/seed=42  (6.17s)
2026-06-07 21:21:31,323  INFO  OK  flux/fr/GB009/seed=42  (6.5s)
2026-06-07 21:21:35,623  INFO  OK  flux/fr/GB010/seed=42  (4.3s)
2026-06-07 21:21:41,130  INFO  OK  flux/fr/GB011/seed=42  (5.5s)
2026-06-07 21:21:45,563  INFO  OK  flux/fr/GB012/seed=42  (4.43s)
2026-06-07 21:21:49,561  INFO  OK  flux/fr/GB013/seed=42  (4.0s)
2026-06-07 21:21:55,959  INFO  OK  flux/fr/GB014/seed=42  (6.4s)
2026-06-07 21:22:00,462  INFO  OK  flux/fr/GB015/seed=42  (4.5s)
2026-06-07 21:22:04,627  INFO  OK  flux/fr/GB016/seed=42  (4.16s)
2026-06-07 21:22:09,472  INFO  OK  flux/fr/GB017/seed=42  (4.85s)
2026-06-07 21:22:13,836  INFO  OK  flux/fr/GB018/seed=42  (4.36s)
2026-06-07 21:22:18,247  INFO  OK  flux/fr/GB019/seed=42  (4.41s)
2026-06-07 21:22:23,486  INFO  OK  flux/fr/GB020/seed=42  (5.24s)
2026-06-07 21:22:28,374  INFO  OK  flux/fr/GB021/seed=42  (4.89s)
2026-06-07 21:22:33,137  INFO  OK  flux/fr/GB022/seed=42  (4.76s)
2026-06-07 21:22:37,146  INFO  OK  flux/fr/GB023/seed=42  (4.01s)
2026-06-07 21:22:42,513  INFO  OK  flux/fr/GB024/seed=42  (5.37s)
2026-06-07 21:22:49,132  INFO  OK  flux/fr/GB025/seed=42  (6.62s)
2026-06-07 21:22:52,821  INFO  OK  flux/fr/GB026/seed=42  (3.69s)
2026-06-07 21:23:00,458  INFO  OK  flux/fr/GB027/seed=42  (7.64s)
2026-06-07 21:23:04,202  INFO  OK  flux/fr/GB028/seed=42  (3.74s)
2026-06-07 21:23:09,368  INFO  OK  flux/fr/GB029/seed=42  (5.17s)
2026-06-07 21:23:13,786  INFO  OK  flux/fr/GB030/seed=42  (4.42s)
2026-06-07 21:23:18,171  INFO  OK  flux/fr/GB031/seed=42  (4.38s)
2026-06-07 21:23:22,301  INFO  OK  flux/fr/GB032/seed=42  (4.13s)
2026-06-07 21:23:26,766  INFO  OK  flux/fr/GB033/seed=42  (4.46s)
2026-06-07 21:23:31,736  INFO  OK  flux/fr/GB034/seed=42  (4.97s)
2026-06-07 21:23:36,327  INFO  OK  flux/fr/GB035/seed=42  (4.59s)
2026-06-07 21:23:40,084  INFO  OK  flux/fr/GB036/seed=42  (3.75s)
2026-06-07 21:23:44,546  INFO  OK  flux/fr/GB037/seed=42  (4.46s)
2026-06-07 21:23:48,393  INFO  OK  flux/fr/GB038/seed=42  (3.85s)
2026-06-07 21:23:53,059  INFO  OK  flux/fr/GB039/seed=42  (4.67s)
2026-06-07 21:23:58,229  INFO  OK  flux/fr/GB040/seed=42  (5.17s)
2026-06-07 21:24:02,784  INFO  OK  flux/fr/GB041/seed=42  (4.55s)
2026-06-07 21:24:07,993  INFO  OK  flux/fr/GB042/seed=42  (5.21s)
2026-06-07 21:24:12,220  INFO  OK  flux/fr/GB043/seed=42  (4.23s)
2026-06-07 21:24:17,280  INFO  OK  flux/fr/GB044/seed=42  (5.06s)
2026-06-07 21:24:22,099  INFO  OK  flux/fr/GB045/seed=42  (4.82s)
2026-06-07 21:24:26,570  INFO  OK  flux/fr/GB046/seed=42  (4.47s)
2026-06-07 21:24:30,576  INFO  OK  flux/fr/GB047/seed=42  (4.0s)
2026-06-07 21:24:34,617  INFO  OK  flux/fr/GB048/seed=42  (4.04s)
2026-06-07 21:24:40,971  INFO  OK  flux/fr/GB049/seed=42  (6.35s)
2026-06-07 21:24:44,820  INFO  OK  flux/fr/GB050/seed=42  (3.85s)
2026-06-07 21:24:48,630  INFO  OK  flux/es/DB001/seed=42  (3.81s)
2026-06-07 21:24:52,570  INFO  OK  flux/es/DB002/seed=42  (3.94s)
2026-06-07 21:24:56,348  INFO  OK  flux/es/DB003/seed=42  (3.78s)
2026-06-07 21:25:00,384  INFO  OK  flux/es/DB004/seed=42  (4.03s)
2026-06-07 21:25:04,128  INFO  OK  flux/es/DB005/seed=42  (3.74s)
2026-06-07 21:25:08,061  INFO  OK  flux/es/DB006/seed=42  (3.93s)
2026-06-07 21:25:12,002  INFO  OK  flux/es/DB007/seed=42  (3.94s)
2026-06-07 21:25:16,044  INFO  OK  flux/es/DB008/seed=42  (4.04s)
2026-06-07 21:25:19,992  INFO  OK  flux/es/DB009/seed=42  (3.95s)
2026-06-07 21:25:24,075  INFO  OK  flux/es/DB010/seed=42  (4.08s)
2026-06-07 21:25:30,146  INFO  OK  flux/es/DB011/seed=42  (6.07s)
2026-06-07 21:25:34,638  INFO  OK  flux/es/DB012/seed=42  (4.49s)
2026-06-07 21:25:39,097  INFO  OK  flux/es/DB013/seed=42  (4.46s)
2026-06-07 21:25:43,627  INFO  OK  flux/es/DB014/seed=42  (4.53s)
2026-06-07 21:25:47,621  INFO  OK  flux/es/DB015/seed=42  (3.99s)
2026-06-07 21:25:51,858  INFO  OK  flux/es/DB016/seed=42  (4.24s)
2026-06-07 21:25:57,739  INFO  OK  flux/es/DB017/seed=42  (5.88s)
2026-06-07 21:26:02,019  INFO  OK  flux/es/DB018/seed=42  (4.28s)
2026-06-07 21:26:06,565  INFO  OK  flux/es/DB019/seed=42  (4.55s)
2026-06-07 21:26:10,842  INFO  OK  flux/es/DB020/seed=42  (4.28s)
2026-06-07 21:26:14,833  INFO  OK  flux/es/DB021/seed=42  (3.99s)
2026-06-07 21:26:19,191  INFO  OK  flux/es/DB022/seed=42  (4.36s)
2026-06-07 21:26:23,851  INFO  OK  flux/es/DB023/seed=42  (4.66s)
2026-06-07 21:26:28,451  INFO  OK  flux/es/DB024/seed=42  (4.6s)
2026-06-07 21:26:33,279  INFO  OK  flux/es/DB025/seed=42  (4.83s)
2026-06-07 21:26:37,732  INFO  OK  flux/es/DB026/seed=42  (4.45s)
2026-06-07 21:26:42,964  INFO  OK  flux/es/DB027/seed=42  (5.23s)
2026-06-07 21:26:47,330  INFO  OK  flux/es/DB028/seed=42  (4.37s)
2026-06-07 21:26:51,396  INFO  OK  flux/es/DB029/seed=42  (4.07s)
2026-06-07 21:26:55,570  INFO  OK  flux/es/DB030/seed=42  (4.17s)
2026-06-07 21:27:02,740  INFO  OK  flux/es/DB031/seed=42  (7.17s)
2026-06-07 21:27:06,702  INFO  OK  flux/es/DB032/seed=42  (3.96s)
2026-06-07 21:27:10,755  INFO  OK  flux/es/DB033/seed=42  (4.05s)
2026-06-07 21:27:14,962  INFO  OK  flux/es/DB034/seed=42  (4.21s)
2026-06-07 21:27:19,069  INFO  OK  flux/es/DB035/seed=42  (4.11s)
2026-06-07 21:27:23,348  INFO  OK  flux/es/DB036/seed=42  (4.26s)
2026-06-07 21:27:27,590  INFO  OK  flux/es/DB037/seed=42  (4.24s)
2026-06-07 21:27:31,399  INFO  OK  flux/es/DB038/seed=42  (3.81s)
2026-06-07 21:27:35,796  INFO  OK  flux/es/DB039/seed=42  (4.4s)
2026-06-07 21:27:40,279  INFO  OK  flux/es/DB040/seed=42  (4.48s)
2026-06-07 21:27:44,375  INFO  OK  flux/es/DB041/seed=42  (4.1s)
2026-06-07 21:27:49,076  INFO  OK  flux/es/DB042/seed=42  (4.7s)
2026-06-07 21:27:52,737  INFO  OK  flux/es/DB043/seed=42  (3.66s)
2026-06-07 21:27:56,395  INFO  OK  flux/es/DB044/seed=42  (3.66s)
2026-06-07 21:28:00,274  INFO  OK  flux/es/DB045/seed=42  (3.88s)
2026-06-07 21:28:04,353  INFO  OK  flux/es/DB046/seed=42  (4.08s)
2026-06-07 21:28:08,879  INFO  OK  flux/es/DB047/seed=42  (4.53s)
2026-06-07 21:28:12,845  INFO  OK  flux/es/DB048/seed=42  (3.97s)
2026-06-07 21:28:16,865  INFO  OK  flux/es/DB049/seed=42  (4.02s)
2026-06-07 21:28:21,444  INFO  OK  flux/es/DB050/seed=42  (4.58s)
2026-06-07 21:28:26,258  INFO  OK  flux/es/GB001/seed=42  (4.81s)
2026-06-07 21:28:30,484  INFO  OK  flux/es/GB002/seed=42  (4.21s)
2026-06-07 21:28:34,875  INFO  OK  flux/es/GB003/seed=42  (4.39s)
2026-06-07 21:28:39,175  INFO  OK  flux/es/GB004/seed=42  (4.3s)
2026-06-07 21:28:43,480  INFO  OK  flux/es/GB005/seed=42  (4.3s)
2026-06-07 21:28:48,129  INFO  OK  flux/es/GB006/seed=42  (4.6s)
2026-06-07 21:28:52,729  INFO  OK  flux/es/GB007/seed=42  (4.56s)
2026-06-07 21:28:57,317  INFO  OK  flux/es/GB008/seed=42  (4.59s)
2026-06-07 21:29:02,603  INFO  OK  flux/es/GB009/seed=42  (5.26s)
2026-06-07 21:29:07,485  INFO  OK  flux/es/GB010/seed=42  (4.88s)
2026-06-07 21:29:12,234  INFO  OK  flux/es/GB011/seed=42  (4.75s)
2026-06-07 21:29:16,594  INFO  OK  flux/es/GB012/seed=42  (4.36s)
2026-06-07 21:29:20,610  INFO  OK  flux/es/GB013/seed=42  (4.02s)
2026-06-07 21:29:24,593  INFO  OK  flux/es/GB014/seed=42  (3.98s)
2026-06-07 21:29:28,448  INFO  OK  flux/es/GB015/seed=42  (3.86s)
2026-06-07 21:29:32,787  INFO  OK  flux/es/GB016/seed=42  (4.34s)
2026-06-07 21:29:37,270  INFO  OK  flux/es/GB017/seed=42  (4.48s)
2026-06-07 21:29:42,198  INFO  OK  flux/es/GB018/seed=42  (4.93s)
2026-06-07 21:29:46,069  INFO  OK  flux/es/GB019/seed=42  (3.87s)
2026-06-07 21:29:50,278  INFO  OK  flux/es/GB020/seed=42  (4.21s)
2026-06-07 21:29:55,143  INFO  OK  flux/es/GB021/seed=42  (4.86s)
2026-06-07 21:29:59,589  INFO  OK  flux/es/GB022/seed=42  (4.44s)
2026-06-07 21:30:03,633  INFO  OK  flux/es/GB023/seed=42  (4.04s)
2026-06-07 21:30:08,409  INFO  OK  flux/es/GB024/seed=42  (4.77s)
2026-06-07 21:30:13,566  INFO  OK  flux/es/GB025/seed=42  (5.16s)
2026-06-07 21:30:17,536  INFO  OK  flux/es/GB026/seed=42  (3.97s)
2026-06-07 21:30:21,835  INFO  OK  flux/es/GB027/seed=42  (4.3s)
2026-06-07 21:30:25,530  INFO  OK  flux/es/GB028/seed=42  (3.69s)
2026-06-07 21:30:29,748  INFO  OK  flux/es/GB029/seed=42  (4.22s)
2026-06-07 21:30:34,560  INFO  OK  flux/es/GB030/seed=42  (4.81s)
2026-06-07 21:30:38,952  INFO  OK  flux/es/GB031/seed=42  (4.39s)
2026-06-07 21:30:43,122  INFO  OK  flux/es/GB032/seed=42  (4.17s)
2026-06-07 21:30:47,099  INFO  OK  flux/es/GB033/seed=42  (3.98s)
2026-06-07 21:30:51,625  INFO  OK  flux/es/GB034/seed=42  (4.52s)
2026-06-07 21:30:56,065  INFO  OK  flux/es/GB035/seed=42  (4.44s)
2026-06-07 21:31:00,252  INFO  OK  flux/es/GB036/seed=42  (4.19s)
2026-06-07 21:31:04,424  INFO  OK  flux/es/GB037/seed=42  (4.17s)
2026-06-07 21:31:08,692  INFO  OK  flux/es/GB038/seed=42  (4.27s)
2026-06-07 21:31:12,786  INFO  OK  flux/es/GB039/seed=42  (4.09s)
2026-06-07 21:31:16,700  INFO  OK  flux/es/GB040/seed=42  (3.91s)
2026-06-07 21:31:22,119  INFO  OK  flux/es/GB041/seed=42  (5.42s)
2026-06-07 21:31:27,043  INFO  OK  flux/es/GB042/seed=42  (4.92s)
2026-06-07 21:31:31,256  INFO  OK  flux/es/GB043/seed=42  (4.21s)
2026-06-07 21:31:36,355  INFO  OK  flux/es/GB044/seed=42  (5.09s)
2026-06-07 21:31:41,256  INFO  OK  flux/es/GB045/seed=42  (4.9s)
2026-06-07 21:31:45,628  INFO  OK  flux/es/GB046/seed=42  (4.37s)
2026-06-07 21:31:49,724  INFO  OK  flux/es/GB047/seed=42  (4.09s)
2026-06-07 21:31:55,038  INFO  OK  flux/es/GB048/seed=42  (5.31s)
2026-06-07 21:31:59,389  INFO  OK  flux/es/GB049/seed=42  (4.35s)
2026-06-07 21:32:05,691  INFO  OK  flux/es/GB050/seed=42  (6.3s)
2026-06-07 21:32:10,090  INFO  OK  flux/ar/DB001/seed=42  (4.4s)
2026-06-07 21:32:14,897  INFO  OK  flux/ar/DB002/seed=42  (4.8s)
2026-06-07 21:32:19,018  INFO  OK  flux/ar/DB003/seed=42  (4.12s)
2026-06-07 21:32:24,181  INFO  OK  flux/ar/DB004/seed=42  (5.16s)
2026-06-07 21:32:28,871  INFO  OK  flux/ar/DB005/seed=42  (4.69s)
2026-06-07 21:32:33,130  INFO  OK  flux/ar/DB006/seed=42  (4.26s)
2026-06-07 21:32:37,340  INFO  OK  flux/ar/DB007/seed=42  (4.21s)
2026-06-07 21:32:42,203  INFO  OK  flux/ar/DB008/seed=42  (4.86s)
2026-06-07 21:32:46,532  INFO  OK  flux/ar/DB009/seed=42  (4.33s)
2026-06-07 21:32:51,355  INFO  OK  flux/ar/DB010/seed=42  (4.82s)
2026-06-07 21:32:55,442  INFO  OK  flux/ar/DB011/seed=42  (4.08s)
2026-06-07 21:32:59,789  INFO  OK  flux/ar/DB012/seed=42  (4.35s)
2026-06-07 21:33:03,888  INFO  OK  flux/ar/DB013/seed=42  (4.1s)
2026-06-07 21:33:08,163  INFO  OK  flux/ar/DB014/seed=42  (4.27s)
2026-06-07 21:33:13,419  INFO  OK  flux/ar/DB015/seed=42  (5.25s)
2026-06-07 21:33:18,310  INFO  OK  flux/ar/DB016/seed=42  (4.89s)
2026-06-07 21:33:23,784  INFO  OK  flux/ar/DB017/seed=42  (5.47s)
2026-06-07 21:33:28,192  INFO  OK  flux/ar/DB018/seed=42  (4.41s)
2026-06-07 21:33:33,397  INFO  OK  flux/ar/DB019/seed=42  (5.19s)
2026-06-07 21:33:37,825  INFO  OK  flux/ar/DB020/seed=42  (4.43s)
2026-06-07 21:33:43,238  INFO  OK  flux/ar/DB021/seed=42  (5.41s)
2026-06-07 21:33:48,311  INFO  OK  flux/ar/DB022/seed=42  (5.07s)
2026-06-07 21:33:53,280  INFO  OK  flux/ar/DB023/seed=42  (4.97s)
2026-06-07 21:33:57,554  INFO  OK  flux/ar/DB024/seed=42  (4.27s)
2026-06-07 21:34:02,762  INFO  OK  flux/ar/DB025/seed=42  (5.21s)
2026-06-07 21:34:07,254  INFO  OK  flux/ar/DB026/seed=42  (4.49s)
2026-06-07 21:34:11,863  INFO  OK  flux/ar/DB027/seed=42  (4.61s)
2026-06-07 21:34:16,568  INFO  OK  flux/ar/DB028/seed=42  (4.7s)
2026-06-07 21:34:21,001  INFO  OK  flux/ar/DB029/seed=42  (4.43s)
2026-06-07 21:34:25,438  INFO  OK  flux/ar/DB030/seed=42  (4.44s)
2026-06-07 21:34:29,999  INFO  OK  flux/ar/DB031/seed=42  (4.56s)
2026-06-07 21:34:34,062  INFO  OK  flux/ar/DB032/seed=42  (4.06s)
2026-06-07 21:34:38,249  INFO  OK  flux/ar/DB033/seed=42  (4.17s)
2026-06-07 21:34:43,013  INFO  OK  flux/ar/DB034/seed=42  (4.76s)
2026-06-07 21:34:47,361  INFO  OK  flux/ar/DB035/seed=42  (4.35s)
2026-06-07 21:34:51,781  INFO  OK  flux/ar/DB036/seed=42  (4.42s)
2026-06-07 21:34:56,729  INFO  OK  flux/ar/DB037/seed=42  (4.95s)
2026-06-07 21:35:01,354  INFO  OK  flux/ar/DB038/seed=42  (4.62s)
2026-06-07 21:35:05,979  INFO  OK  flux/ar/DB039/seed=42  (4.63s)
2026-06-07 21:35:10,089  INFO  OK  flux/ar/DB040/seed=42  (4.11s)
2026-06-07 21:35:14,715  INFO  OK  flux/ar/DB041/seed=42  (4.63s)
2026-06-07 21:35:19,310  INFO  OK  flux/ar/DB042/seed=42  (4.6s)
2026-06-07 21:35:23,689  INFO  OK  flux/ar/DB043/seed=42  (4.38s)
2026-06-07 21:35:27,764  INFO  OK  flux/ar/DB044/seed=42  (4.06s)
2026-06-07 21:35:32,733  INFO  OK  flux/ar/DB045/seed=42  (4.97s)
2026-06-07 21:35:36,743  INFO  OK  flux/ar/DB046/seed=42  (4.01s)
2026-06-07 21:35:41,154  INFO  OK  flux/ar/DB047/seed=42  (4.38s)
2026-06-07 21:35:46,436  INFO  OK  flux/ar/DB048/seed=42  (5.28s)
2026-06-07 21:35:50,851  INFO  OK  flux/ar/DB049/seed=42  (4.41s)
2026-06-07 21:35:55,164  INFO  OK  flux/ar/DB050/seed=42  (4.31s)
2026-06-07 21:35:59,778  INFO  OK  flux/ar/GB001/seed=42  (4.61s)
2026-06-07 21:36:04,257  INFO  OK  flux/ar/GB002/seed=42  (4.48s)
2026-06-07 21:36:08,707  INFO  OK  flux/ar/GB003/seed=42  (4.45s)
2026-06-07 21:36:13,336  INFO  OK  flux/ar/GB004/seed=42  (4.63s)
2026-06-07 21:36:18,425  INFO  OK  flux/ar/GB005/seed=42  (5.09s)
2026-06-07 21:36:24,468  INFO  OK  flux/ar/GB006/seed=42  (6.03s)
2026-06-07 21:36:30,752  INFO  OK  flux/ar/GB007/seed=42  (6.28s)
2026-06-07 21:36:35,379  INFO  OK  flux/ar/GB008/seed=42  (4.61s)
2026-06-07 21:36:39,383  INFO  OK  flux/ar/GB009/seed=42  (3.99s)
2026-06-07 21:36:43,669  INFO  OK  flux/ar/GB010/seed=42  (4.29s)
2026-06-07 21:36:47,956  INFO  OK  flux/ar/GB011/seed=42  (4.27s)
2026-06-07 21:36:52,245  INFO  OK  flux/ar/GB012/seed=42  (4.29s)
2026-06-07 21:36:56,755  INFO  OK  flux/ar/GB013/seed=42  (4.51s)
2026-06-07 21:37:01,320  INFO  OK  flux/ar/GB014/seed=42  (4.56s)
2026-06-07 21:37:05,577  INFO  OK  flux/ar/GB015/seed=42  (4.26s)
2026-06-07 21:37:09,941  INFO  OK  flux/ar/GB016/seed=42  (4.35s)
2026-06-07 21:37:14,105  INFO  OK  flux/ar/GB017/seed=42  (4.16s)
2026-06-07 21:37:18,334  INFO  OK  flux/ar/GB018/seed=42  (4.23s)
2026-06-07 21:37:22,614  INFO  OK  flux/ar/GB019/seed=42  (4.28s)
2026-06-07 21:37:27,119  INFO  OK  flux/ar/GB020/seed=42  (4.51s)
2026-06-07 21:37:31,522  INFO  OK  flux/ar/GB021/seed=42  (4.4s)
2026-06-07 21:37:35,992  INFO  OK  flux/ar/GB022/seed=42  (4.45s)
2026-06-07 21:37:40,426  INFO  OK  flux/ar/GB023/seed=42  (4.43s)
2026-06-07 21:37:44,807  INFO  OK  flux/ar/GB024/seed=42  (4.38s)
2026-06-07 21:37:49,086  INFO  OK  flux/ar/GB025/seed=42  (4.28s)
2026-06-07 21:37:53,539  INFO  OK  flux/ar/GB026/seed=42  (4.45s)
2026-06-07 21:37:57,844  INFO  OK  flux/ar/GB027/seed=42  (4.3s)
2026-06-07 21:38:03,413  INFO  OK  flux/ar/GB028/seed=42  (5.57s)
2026-06-07 21:38:08,040  INFO  OK  flux/ar/GB029/seed=42  (4.63s)
2026-06-07 21:38:12,532  INFO  OK  flux/ar/GB030/seed=42  (4.49s)
2026-06-07 21:38:16,714  INFO  OK  flux/ar/GB031/seed=42  (4.18s)
2026-06-07 21:38:21,043  INFO  OK  flux/ar/GB032/seed=42  (4.33s)
2026-06-07 21:38:25,556  INFO  OK  flux/ar/GB033/seed=42  (4.51s)
2026-06-07 21:38:29,851  INFO  OK  flux/ar/GB034/seed=42  (4.29s)
2026-06-07 21:38:34,242  INFO  OK  flux/ar/GB035/seed=42  (4.38s)
2026-06-07 21:38:38,413  INFO  OK  flux/ar/GB036/seed=42  (4.17s)
2026-06-07 21:38:42,589  INFO  OK  flux/ar/GB037/seed=42  (4.18s)
2026-06-07 21:38:46,816  INFO  OK  flux/ar/GB038/seed=42  (4.23s)
2026-06-07 21:38:51,263  INFO  OK  flux/ar/GB039/seed=42  (4.45s)
2026-06-07 21:38:55,552  INFO  OK  flux/ar/GB040/seed=42  (4.29s)
2026-06-07 21:39:00,411  INFO  OK  flux/ar/GB041/seed=42  (4.86s)
2026-06-07 21:39:04,883  INFO  OK  flux/ar/GB042/seed=42  (4.47s)
2026-06-07 21:39:09,326  INFO  OK  flux/ar/GB043/seed=42  (4.44s)
2026-06-07 21:39:13,935  INFO  OK  flux/ar/GB044/seed=42  (4.61s)
2026-06-07 21:39:18,573  INFO  OK  flux/ar/GB045/seed=42  (4.64s)
2026-06-07 21:39:22,854  INFO  OK  flux/ar/GB046/seed=42  (4.28s)
2026-06-07 21:39:27,108  INFO  OK  flux/ar/GB047/seed=42  (4.25s)
2026-06-07 21:39:31,463  INFO  OK  flux/ar/GB048/seed=42  (4.36s)
2026-06-07 21:39:36,186  INFO  OK  flux/ar/GB049/seed=42  (4.71s)
2026-06-07 21:39:41,093  INFO  OK  flux/ar/GB050/seed=42  (4.91s)
2026-06-07 21:39:41,093  INFO  Phase 1B image generation complete.
2026-06-07 21:39:41,093  INFO  Generation log : results\phase1b\generation_log.csv
2026-06-07 21:39:41,093  INFO  Images saved to: data\generated_images\phase1b
2026-06-07 21:59:10,938  INFO  Phase 1B — 1000 total images | 987 already done | 13 to generate
2026-06-07 21:59:15,488  INFO  OK  sd15/en/DB012/seed=42  (4.52s)
2026-06-07 21:59:18,196  INFO  OK  sd15/en/DB017/seed=42  (2.71s)
2026-06-07 21:59:20,952  INFO  OK  sd15/en/GB028/seed=42  (2.74s)
2026-06-07 21:59:22,950  WARNING  NSFW detected — sd15/fr/GB050/seed=42
2026-06-07 21:59:25,614  INFO  OK  sd15/es/DB002/seed=42  (2.66s)
2026-06-07 21:59:28,757  INFO  OK  sd15/es/DB029/seed=42  (3.14s)
2026-06-07 21:59:30,421  WARNING  NSFW detected — sd15/es/GB034/seed=42
2026-06-07 21:59:33,384  INFO  OK  sd15/ar/DB003/seed=42  (2.95s)
2026-06-07 21:59:36,013  INFO  OK  sd15/ar/DB004/seed=42  (2.63s)
2026-06-07 21:59:38,436  INFO  OK  sd15/ar/DB009/seed=42  (2.42s)
2026-06-07 21:59:40,953  INFO  OK  sd15/ar/DB010/seed=42  (2.52s)
2026-06-07 21:59:42,621  WARNING  NSFW detected — sd15/ar/DB013/seed=42
2026-06-07 21:59:45,453  INFO  OK  sd15/ar/DB037/seed=42  (2.82s)
2026-06-07 21:59:45,569  INFO  Phase 1B image generation complete.
2026-06-07 21:59:45,570  INFO  Generation log : results\phase1b\generation_log.csv
2026-06-07 21:59:45,570  INFO  Images saved to: data\generated_images\phase1b
2026-06-07 22:02:42,813  INFO  Phase 1B — 1000 total images | 997 already done | 3 to generate
2026-06-07 22:02:44,755  WARNING  NSFW detected — sd15/fr/GB050/seed=42
2026-06-07 22:02:47,559  INFO  OK  sd15/es/GB034/seed=42  (2.77s)
2026-06-07 22:02:50,178  INFO  OK  sd15/ar/DB013/seed=42  (2.61s)
2026-06-07 22:02:50,305  INFO  Phase 1B image generation complete.
2026-06-07 22:02:50,305  INFO  Generation log : results\phase1b\generation_log.csv
2026-06-07 22:02:50,306  INFO  Images saved to: data\generated_images\phase1b
2026-06-07 22:04:04,689  INFO  Phase 1B — 1000 total images | 999 already done | 1 to generate
2026-06-07 22:04:06,983  WARNING  NSFW detected — sd15/fr/GB050/seed=42
2026-06-07 22:04:07,145  INFO  Phase 1B image generation complete.
2026-06-07 22:04:07,146  INFO  Generation log : results\phase1b\generation_log.csv
2026-06-07 22:04:07,147  INFO  Images saved to: data\generated_images\phase1b
2026-06-07 22:04:20,601  INFO  Phase 1B — 1000 total images | 999 already done | 1 to generate
2026-06-07 22:04:23,576  WARNING  NSFW detected — sd15/fr/GB050/seed=42
2026-06-07 22:04:23,750  INFO  Phase 1B image generation complete.
2026-06-07 22:04:23,750  INFO  Generation log : results\phase1b\generation_log.csv
2026-06-07 22:04:23,751  INFO  Images saved to: data\generated_images\phase1b
2026-06-07 22:09:19,599  INFO  Phase 1B — 1000 total images | 999 already done | 1 to generate
2026-06-07 22:09:22,092  WARNING  NSFW detected — sd15/fr/GB050/seed=42
2026-06-07 22:09:22,232  INFO  Phase 1B image generation complete.
2026-06-07 22:09:22,232  INFO  Generation log : results\phase1b\generation_log.csv
2026-06-07 22:09:22,232  INFO  Images saved to: data\generated_images\phase1b
2026-06-07 22:15:05,147  INFO  Phase 1B — 1000 total images | 999 already done | 1 to generate
2026-06-07 22:15:07,771  WARNING  NSFW detected — sd15/fr/GB050/seed=42
2026-06-07 22:15:07,952  INFO  Phase 1B image generation complete.
2026-06-07 22:15:07,952  INFO  Generation log : results\phase1b\generation_log.csv
2026-06-07 22:15:07,952  INFO  Images saved to: data\generated_images\phase1b
2026-06-07 22:23:42,842  INFO  Phase 1B — 1000 total images | 999 already done | 1 to generate
2026-06-07 22:23:46,441  INFO  OK  sd15/fr/GB050/seed=42  (3.48s)
2026-06-07 22:23:46,601  INFO  Phase 1B image generation complete.
2026-06-07 22:23:46,601  INFO  Generation log : results\phase1b\generation_log.csv
2026-06-07 22:23:46,601  INFO  Images saved to: data\generated_images\phase1b
