2026-07-31 00:20:16,938  INFO  Phase 2A — 300 total images | 0 already done | 300 to generate
2026-07-31 00:20:21,953  INFO  [OK] sd15 | en | MB001 | seed=42 -> saved in 5.0s
2026-07-31 00:20:24,870  INFO  [OK] sd15 | en | MB002 | seed=42 -> saved in 2.9s
2026-07-31 00:20:27,953  INFO  [OK] sd15 | en | MB003 | seed=42 -> saved in 3.1s
2026-07-31 00:20:30,788  INFO  [OK] sd15 | en | MB004 | seed=42 -> saved in 2.8s
2026-07-31 00:20:33,369  INFO  [OK] sd15 | en | MB005 | seed=42 -> saved in 2.6s
2026-07-31 00:20:36,011  INFO  [OK] sd15 | en | MB006 | seed=42 -> saved in 2.6s
2026-07-31 00:20:38,354  INFO  [OK] sd15 | en | MB007 | seed=42 -> saved in 2.3s
2026-07-31 00:20:40,703  INFO  [OK] sd15 | en | MB008 | seed=42 -> saved in 2.3s
2026-07-31 00:20:46,469  INFO  [OK] sd15 | en | MB009 | seed=42 -> saved in 5.7s
2026-07-31 00:20:48,852  INFO  [OK] sd15 | en | MB010 | seed=42 -> saved in 2.4s
2026-07-31 00:20:51,186  INFO  [OK] sd15 | en | MB011 | seed=42 -> saved in 2.3s
2026-07-31 00:20:53,452  INFO  [OK] sd15 | en | MB012 | seed=42 -> saved in 2.3s
2026-07-31 00:20:55,787  INFO  [OK] sd15 | en | MB013 | seed=42 -> saved in 2.3s
2026-07-31 00:20:58,468  INFO  [OK] sd15 | en | MB014 | seed=42 -> saved in 2.7s
2026-07-31 00:21:00,935  INFO  [OK] sd15 | en | MB015 | seed=42 -> saved in 2.5s
2026-07-31 00:21:03,851  INFO  [OK] sd15 | en | MB016 | seed=42 -> saved in 2.9s
2026-07-31 00:21:06,101  INFO  [OK] sd15 | en | MB017 | seed=42 -> saved in 2.2s
2026-07-31 00:21:08,667  INFO  [OK] sd15 | en | MB018 | seed=42 -> saved in 2.6s
2026-07-31 00:21:13,034  INFO  [OK] sd15 | en | MB019 | seed=42 -> saved in 4.4s
2026-07-31 00:21:15,334  INFO  [OK] sd15 | en | MB020 | seed=42 -> saved in 2.3s
2026-07-31 00:21:17,571  INFO  [OK] sd15 | en | MB021 | seed=42 -> saved in 2.2s
2026-07-31 00:21:19,784  INFO  [OK] sd15 | en | MB022 | seed=42 -> saved in 2.2s
2026-07-31 00:21:22,100  INFO  [OK] sd15 | en | MB023 | seed=42 -> saved in 2.3s
2026-07-31 00:21:24,434  INFO  [OK] sd15 | en | MB024 | seed=42 -> saved in 2.3s
2026-07-31 00:21:26,800  INFO  [OK] sd15 | en | MB025 | seed=42 -> saved in 2.4s
2026-07-31 00:21:29,128  INFO  [OK] sd15 | en | MB026 | seed=42 -> saved in 2.3s
2026-07-31 00:21:31,467  INFO  [OK] sd15 | en | MB027 | seed=42 -> saved in 2.3s
2026-07-31 00:21:33,850  INFO  [OK] sd15 | en | MB028 | seed=42 -> saved in 2.4s
2026-07-31 00:21:36,154  INFO  [OK] sd15 | en | MB029 | seed=42 -> saved in 2.3s
2026-07-31 00:21:41,350  INFO  [OK] sd15 | en | MB030 | seed=42 -> saved in 5.2s
2026-07-31 00:21:43,744  INFO  [OK] sd15 | en | MB031 | seed=42 -> saved in 2.4s
2026-07-31 00:21:46,012  INFO  [OK] sd15 | en | MB032 | seed=42 -> saved in 2.3s
2026-07-31 00:21:48,303  INFO  [OK] sd15 | en | MB033 | seed=42 -> saved in 2.3s
2026-07-31 00:21:50,635  INFO  [OK] sd15 | en | MB034 | seed=42 -> saved in 2.3s
2026-07-31 00:21:54,383  INFO  [OK] sd15 | en | MB035 | seed=42 -> saved in 3.7s
2026-07-31 00:21:56,616  INFO  [OK] sd15 | en | MB036 | seed=42 -> saved in 2.2s
2026-07-31 00:21:59,152  INFO  [OK] sd15 | en | MB037 | seed=42 -> saved in 2.5s
2026-07-31 00:22:01,411  INFO  [OK] sd15 | en | MB038 | seed=42 -> saved in 2.3s
2026-07-31 00:22:03,699  INFO  [OK] sd15 | en | MB039 | seed=42 -> saved in 2.3s
2026-07-31 00:22:08,884  INFO  [OK] sd15 | en | MB040 | seed=42 -> saved in 5.2s
2026-07-31 00:22:11,267  INFO  [OK] sd15 | en | MB041 | seed=42 -> saved in 2.4s
2026-07-31 00:22:13,682  INFO  [OK] sd15 | en | MB042 | seed=42 -> saved in 2.4s
2026-07-31 00:22:16,310  INFO  [OK] sd15 | en | MB043 | seed=42 -> saved in 2.6s
2026-07-31 00:22:18,865  INFO  [OK] sd15 | en | MB044 | seed=42 -> saved in 2.6s
2026-07-31 00:22:22,134  INFO  [OK] sd15 | en | MB045 | seed=42 -> saved in 3.3s
2026-07-31 00:22:24,415  INFO  [OK] sd15 | en | MB046 | seed=42 -> saved in 2.3s
2026-07-31 00:22:26,827  INFO  [OK] sd15 | en | MB047 | seed=42 -> saved in 2.4s
2026-07-31 00:22:29,158  INFO  [OK] sd15 | en | MB048 | seed=42 -> saved in 2.3s
2026-07-31 00:22:31,451  INFO  [OK] sd15 | en | MB049 | seed=42 -> saved in 2.3s
2026-07-31 00:22:36,198  INFO  [OK] sd15 | en | MB050 | seed=42 -> saved in 4.7s
2026-07-31 00:22:38,823  INFO  [OK] sd15 | en | MB051 | seed=42 -> saved in 2.6s
2026-07-31 00:22:41,203  INFO  [OK] sd15 | en | MB052 | seed=42 -> saved in 2.4s
2026-07-31 00:22:43,484  INFO  [OK] sd15 | en | MB053 | seed=42 -> saved in 2.3s
2026-07-31 00:22:45,802  INFO  [OK] sd15 | en | MB054 | seed=42 -> saved in 2.3s
2026-07-31 00:22:48,063  INFO  [OK] sd15 | en | MB055 | seed=42 -> saved in 2.3s
2026-07-31 00:22:50,363  INFO  [OK] sd15 | en | MB056 | seed=42 -> saved in 2.3s
2026-07-31 00:22:52,663  INFO  [OK] sd15 | en | MB057 | seed=42 -> saved in 2.3s
2026-07-31 00:22:55,020  INFO  [OK] sd15 | en | MB058 | seed=42 -> saved in 2.4s
2026-07-31 00:22:57,313  INFO  [OK] sd15 | en | MB059 | seed=42 -> saved in 2.3s
2026-07-31 00:22:59,613  INFO  [OK] sd15 | en | MB060 | seed=42 -> saved in 2.3s
2026-07-31 00:23:04,152  INFO  [OK] sd15 | en | MB061 | seed=42 -> saved in 4.5s
2026-07-31 00:23:06,784  INFO  [OK] sd15 | en | MB062 | seed=42 -> saved in 2.6s
2026-07-31 00:23:09,012  INFO  [OK] sd15 | en | MB063 | seed=42 -> saved in 2.2s
2026-07-31 00:23:11,262  INFO  [OK] sd15 | en | MB064 | seed=42 -> saved in 2.2s
2026-07-31 00:23:13,528  INFO  [OK] sd15 | en | MB065 | seed=42 -> saved in 2.3s
2026-07-31 00:23:15,845  INFO  [OK] sd15 | en | MB066 | seed=42 -> saved in 2.3s
2026-07-31 00:23:18,413  INFO  [OK] sd15 | en | MB067 | seed=42 -> saved in 2.6s
2026-07-31 00:23:20,711  INFO  [OK] sd15 | en | MB068 | seed=42 -> saved in 2.3s
2026-07-31 00:23:23,011  INFO  [OK] sd15 | en | MB069 | seed=42 -> saved in 2.3s
2026-07-31 00:23:25,378  INFO  [OK] sd15 | en | MB070 | seed=42 -> saved in 2.3s
2026-07-31 00:23:27,628  INFO  [OK] sd15 | en | MB071 | seed=42 -> saved in 2.3s
2026-07-31 00:23:32,177  INFO  [OK] sd15 | en | MB072 | seed=42 -> saved in 4.5s
2026-07-31 00:23:34,855  INFO  [OK] sd15 | en | MB073 | seed=42 -> saved in 2.7s
2026-07-31 00:23:38,355  INFO  [OK] sd15 | en | MB074 | seed=42 -> saved in 3.5s
2026-07-31 00:23:41,977  INFO  [OK] sd15 | en | MB075 | seed=42 -> saved in 3.6s
2026-07-31 00:23:44,605  INFO  [OK] sd15 | en | MB076 | seed=42 -> saved in 2.6s
2026-07-31 00:23:47,208  INFO  [OK] sd15 | en | MB077 | seed=42 -> saved in 2.6s
2026-07-31 00:23:49,528  INFO  [OK] sd15 | en | MB078 | seed=42 -> saved in 2.3s
2026-07-31 00:23:51,836  INFO  [OK] sd15 | en | MB079 | seed=42 -> saved in 2.3s
2026-07-31 00:23:54,146  INFO  [OK] sd15 | en | MB080 | seed=42 -> saved in 2.3s
2026-07-31 00:23:59,694  INFO  [OK] sd15 | en | MB081 | seed=42 -> saved in 5.5s
2026-07-31 00:24:04,442  INFO  [OK] sd15 | en | MB082 | seed=42 -> saved in 4.7s
2026-07-31 00:24:07,462  INFO  [OK] sd15 | en | MB083 | seed=42 -> saved in 3.0s
2026-07-31 00:24:10,123  INFO  [OK] sd15 | en | MB084 | seed=42 -> saved in 2.7s
2026-07-31 00:24:15,692  INFO  [OK] sd15 | en | MB085 | seed=42 -> saved in 5.6s
2026-07-31 00:24:20,477  INFO  [OK] sd15 | en | MB086 | seed=42 -> saved in 4.8s
2026-07-31 00:24:25,323  INFO  [OK] sd15 | en | MB087 | seed=42 -> saved in 4.8s
2026-07-31 00:24:27,775  INFO  [OK] sd15 | en | MB088 | seed=42 -> saved in 2.4s
2026-07-31 00:24:30,358  INFO  [OK] sd15 | en | MB089 | seed=42 -> saved in 2.6s
2026-07-31 00:24:32,875  INFO  [OK] sd15 | en | MB090 | seed=42 -> saved in 2.5s
2026-07-31 00:24:35,174  INFO  [OK] sd15 | en | MB091 | seed=42 -> saved in 2.3s
2026-07-31 00:24:37,441  INFO  [OK] sd15 | en | MB092 | seed=42 -> saved in 2.3s
2026-07-31 00:24:39,724  INFO  [OK] sd15 | en | MB093 | seed=42 -> saved in 2.3s
2026-07-31 00:24:42,241  INFO  [OK] sd15 | en | MB094 | seed=42 -> saved in 2.5s
2026-07-31 00:24:44,526  INFO  [OK] sd15 | en | MB095 | seed=42 -> saved in 2.3s
2026-07-31 00:24:46,885  INFO  [OK] sd15 | en | MB096 | seed=42 -> saved in 2.4s
2026-07-31 00:24:53,723  INFO  [OK] sd15 | en | MB097 | seed=42 -> saved in 6.8s
2026-07-31 00:24:56,106  INFO  [OK] sd15 | en | MB098 | seed=42 -> saved in 2.4s
2026-07-31 00:24:58,523  INFO  [OK] sd15 | en | MB099 | seed=42 -> saved in 2.4s
2026-07-31 00:25:00,858  INFO  [OK] sd15 | en | MB100 | seed=42 -> saved in 2.3s
2026-07-31 00:25:03,123  INFO  [OK] sd15 | en | MB101 | seed=42 -> saved in 2.3s
2026-07-31 00:25:05,939  INFO  [OK] sd15 | en | MB102 | seed=42 -> saved in 2.8s
2026-07-31 00:25:08,257  INFO  [OK] sd15 | en | MB103 | seed=42 -> saved in 2.3s
2026-07-31 00:25:10,523  INFO  [OK] sd15 | en | MB104 | seed=42 -> saved in 2.3s
2026-07-31 00:25:12,861  INFO  [OK] sd15 | en | MB105 | seed=42 -> saved in 2.3s
2026-07-31 00:25:18,305  INFO  [OK] sd15 | en | MB106 | seed=42 -> saved in 5.4s
2026-07-31 00:25:20,555  INFO  [OK] sd15 | en | MB107 | seed=42 -> saved in 2.2s
2026-07-31 00:25:22,789  INFO  [OK] sd15 | en | MB108 | seed=42 -> saved in 2.2s
2026-07-31 00:25:25,388  INFO  [OK] sd15 | en | MB109 | seed=42 -> saved in 2.6s
2026-07-31 00:25:28,671  INFO  [OK] sd15 | en | MB110 | seed=42 -> saved in 3.3s
2026-07-31 00:25:30,971  INFO  [OK] sd15 | en | MB111 | seed=42 -> saved in 2.3s
2026-07-31 00:25:34,305  INFO  [OK] sd15 | en | MB112 | seed=42 -> saved in 3.3s
2026-07-31 00:25:42,171  INFO  [OK] sd15 | en | MB113 | seed=42 -> saved in 7.9s
2026-07-31 00:25:46,671  INFO  [OK] sd15 | en | MB114 | seed=42 -> saved in 4.5s
2026-07-31 00:25:49,254  INFO  [OK] sd15 | en | MB115 | seed=42 -> saved in 2.6s
2026-07-31 00:25:51,687  INFO  [OK] sd15 | en | MB116 | seed=42 -> saved in 2.4s
2026-07-31 00:25:54,454  INFO  [OK] sd15 | en | MB117 | seed=42 -> saved in 2.8s
2026-07-31 00:25:56,787  INFO  [OK] sd15 | en | MB118 | seed=42 -> saved in 2.3s
2026-07-31 00:25:59,153  INFO  [OK] sd15 | en | MB119 | seed=42 -> saved in 2.4s
2026-07-31 00:26:01,544  INFO  [OK] sd15 | en | MB120 | seed=42 -> saved in 2.4s
2026-07-31 00:26:04,352  INFO  [OK] sd15 | en | MB121 | seed=42 -> saved in 2.8s
2026-07-31 00:26:08,639  INFO  [OK] sd15 | en | MB122 | seed=42 -> saved in 4.3s
2026-07-31 00:26:14,969  INFO  [OK] sd15 | en | MB123 | seed=42 -> saved in 6.3s
2026-07-31 00:26:19,724  INFO  [OK] sd15 | en | MB124 | seed=42 -> saved in 4.8s
2026-07-31 00:26:24,416  INFO  [OK] sd15 | en | MB125 | seed=42 -> saved in 4.7s
2026-07-31 00:26:29,620  INFO  [OK] sd15 | en | MB126 | seed=42 -> saved in 5.2s
2026-07-31 00:26:33,568  INFO  [OK] sd15 | en | MB127 | seed=42 -> saved in 3.9s
2026-07-31 00:26:37,837  INFO  [OK] sd15 | en | MB128 | seed=42 -> saved in 4.3s
2026-07-31 00:26:40,369  INFO  [OK] sd15 | en | MB129 | seed=42 -> saved in 2.5s
2026-07-31 00:26:42,949  INFO  [OK] sd15 | en | MB130 | seed=42 -> saved in 2.5s
2026-07-31 00:26:45,464  INFO  [OK] sd15 | en | MB131 | seed=42 -> saved in 2.5s
2026-07-31 00:26:48,172  INFO  [OK] sd15 | en | MB132 | seed=42 -> saved in 2.3s
2026-07-31 00:26:50,515  INFO  [OK] sd15 | en | MB133 | seed=42 -> saved in 2.3s
2026-07-31 00:26:52,858  INFO  [OK] sd15 | en | MB134 | seed=42 -> saved in 2.3s
2026-07-31 00:26:55,524  INFO  [OK] sd15 | en | MB135 | seed=42 -> saved in 2.6s
2026-07-31 00:26:57,984  INFO  [OK] sd15 | en | MB136 | seed=42 -> saved in 2.4s
2026-07-31 00:27:03,206  INFO  [OK] sd15 | en | MB137 | seed=42 -> saved in 5.2s
2026-07-31 00:27:05,942  INFO  [OK] sd15 | en | MB138 | seed=42 -> saved in 2.7s
2026-07-31 00:27:08,402  INFO  [OK] sd15 | en | MB139 | seed=42 -> saved in 2.5s
2026-07-31 00:27:10,815  INFO  [OK] sd15 | en | MB140 | seed=42 -> saved in 2.4s
2026-07-31 00:27:13,612  INFO  [OK] sd15 | en | MB141 | seed=42 -> saved in 2.8s
2026-07-31 00:27:16,085  INFO  [OK] sd15 | en | MB142 | seed=42 -> saved in 2.4s
2026-07-31 00:27:18,457  INFO  [OK] sd15 | en | MB143 | seed=42 -> saved in 2.4s
2026-07-31 00:27:20,859  INFO  [OK] sd15 | en | MB144 | seed=42 -> saved in 2.4s
2026-07-31 00:27:23,246  INFO  [OK] sd15 | en | MB145 | seed=42 -> saved in 2.3s
2026-07-31 00:27:25,954  INFO  [OK] sd15 | en | MB146 | seed=42 -> saved in 2.7s
2026-07-31 00:27:30,718  INFO  [OK] sd15 | en | MB147 | seed=42 -> saved in 4.7s
2026-07-31 00:27:33,357  INFO  [OK] sd15 | en | MB148 | seed=42 -> saved in 2.6s
2026-07-31 00:27:35,708  INFO  [OK] sd15 | en | MB149 | seed=42 -> saved in 2.3s
2026-07-31 00:27:38,514  INFO  [OK] sd15 | en | MB150 | seed=42 -> saved in 2.8s
2026-07-31 00:28:10,194  INFO  [OK] flux | en | MB001 | seed=42 -> saved in 31.6s
2026-07-31 00:29:10,712  ERROR  [FAIL] Unexpected error | flux | en | MB002 | seed=42 -> The read operation timed out
2026-07-31 00:30:16,262  ERROR  [FAIL] Unexpected error | flux | en | MB003 | seed=42 -> The read operation timed out
2026-07-31 00:31:21,822  ERROR  [FAIL] Unexpected error | flux | en | MB004 | seed=42 -> The read operation timed out
2026-07-31 00:31:32,821  INFO  [OK] flux | en | MB005 | seed=42 -> saved in 6.0s
2026-07-31 00:31:38,776  INFO  [OK] flux | en | MB006 | seed=42 -> saved in 5.9s
2026-07-31 00:31:46,582  INFO  [OK] flux | en | MB007 | seed=42 -> saved in 7.8s
2026-07-31 00:33:20,436  INFO  [OK] flux | en | MB008 | seed=42 -> saved in 93.9s
2026-07-31 00:39:32,081  INFO  [OK] flux | en | MB009 | seed=42 -> saved in 371.6s
2026-07-31 00:39:36,666  INFO  [OK] flux | en | MB010 | seed=42 -> saved in 4.6s
2026-07-31 00:39:44,703  INFO  [OK] flux | en | MB011 | seed=42 -> saved in 8.0s
2026-07-31 00:39:56,952  INFO  [OK] flux | en | MB012 | seed=42 -> saved in 12.2s
2026-07-31 00:40:57,469  ERROR  [FAIL] Unexpected error | flux | en | MB013 | seed=42 -> The read operation timed out
2026-07-31 00:42:03,057  ERROR  [FAIL] Unexpected error | flux | en | MB014 | seed=42 -> The read operation timed out
2026-07-31 00:44:46,433  INFO  [OK] flux | en | MB015 | seed=42 -> saved in 158.4s
2026-07-31 00:45:46,964  ERROR  [FAIL] Unexpected error | flux | en | MB016 | seed=42 -> The read operation timed out
2026-07-31 00:46:52,528  ERROR  [FAIL] Unexpected error | flux | en | MB017 | seed=42 -> The read operation timed out
2026-07-31 00:47:02,308  INFO  [OK] flux | en | MB018 | seed=42 -> saved in 4.8s
2026-07-31 00:47:13,145  INFO  [OK] flux | en | MB019 | seed=42 -> saved in 10.8s
2026-07-31 00:47:27,035  INFO  [OK] flux | en | MB020 | seed=42 -> saved in 13.9s
2026-07-31 00:48:20,972  INFO  [OK] flux | en | MB021 | seed=42 -> saved in 53.9s
2026-07-31 00:49:24,869  INFO  [OK] flux | en | MB022 | seed=42 -> saved in 63.9s
2026-07-31 00:53:23,066  INFO  Phase 2A — 300 total images | 165 already done | 135 to generate
2026-07-31 00:53:36,278  INFO  [OK] flux | en | MB002 | seed=42 -> saved in 13.0s
2026-07-31 00:53:46,402  INFO  [OK] flux | en | MB003 | seed=42 -> saved in 10.0s
2026-07-31 00:54:02,219  INFO  [OK] flux | en | MB004 | seed=42 -> saved in 15.8s
2026-07-31 00:55:02,730  ERROR  [FAIL] Unexpected error | flux | en | MB013 | seed=42 -> The read operation timed out
2026-07-31 00:56:08,263  ERROR  [FAIL] Unexpected error | flux | en | MB014 | seed=42 -> The read operation timed out
2026-07-31 00:56:33,170  INFO  [OK] flux | en | MB016 | seed=42 -> saved in 19.9s
2026-07-31 00:56:47,586  INFO  [OK] flux | en | MB017 | seed=42 -> saved in 14.4s
2026-07-31 00:56:59,583  INFO  [OK] flux | en | MB023 | seed=42 -> saved in 12.0s
2026-07-31 00:57:15,461  INFO  [OK] flux | en | MB024 | seed=42 -> saved in 15.8s
2026-07-31 00:57:53,829  INFO  [OK] flux | en | MB025 | seed=42 -> saved in 38.4s
2026-07-31 00:58:54,343  ERROR  [FAIL] Unexpected error | flux | en | MB026 | seed=42 -> The read operation timed out
2026-07-31 01:03:24,802  INFO  [OK] flux | en | MB027 | seed=42 -> saved in 265.4s
2026-07-31 01:04:25,307  ERROR  [FAIL] Unexpected error | flux | en | MB028 | seed=42 -> The read operation timed out
2026-07-31 01:04:41,459  INFO  [OK] flux | en | MB029 | seed=42 -> saved in 11.1s
2026-07-31 10:43:32,824  INFO  Phase 2A — 300 total images | 175 already done | 125 to generate
2026-07-31 10:43:38,895  INFO  [OK] flux | en | MB013 | seed=42 -> saved in 6.0s
2026-07-31 10:43:42,923  INFO  [OK] flux | en | MB014 | seed=42 -> saved in 4.0s
2026-07-31 10:43:47,199  INFO  [OK] flux | en | MB026 | seed=42 -> saved in 4.3s
2026-07-31 10:43:50,847  INFO  [OK] flux | en | MB028 | seed=42 -> saved in 3.6s
2026-07-31 10:43:55,039  INFO  [OK] flux | en | MB030 | seed=42 -> saved in 4.2s
2026-07-31 10:43:59,073  INFO  [OK] flux | en | MB031 | seed=42 -> saved in 4.0s
2026-07-31 10:44:03,072  INFO  [OK] flux | en | MB032 | seed=42 -> saved in 4.0s
2026-07-31 10:44:06,872  INFO  [OK] flux | en | MB033 | seed=42 -> saved in 3.8s
2026-07-31 10:44:11,322  INFO  [OK] flux | en | MB034 | seed=42 -> saved in 4.5s
2026-07-31 10:44:15,222  INFO  [OK] flux | en | MB035 | seed=42 -> saved in 3.9s
2026-07-31 10:44:19,055  INFO  [OK] flux | en | MB036 | seed=42 -> saved in 3.8s
2026-07-31 10:44:23,338  INFO  [OK] flux | en | MB037 | seed=42 -> saved in 4.3s
2026-07-31 10:44:27,438  INFO  [OK] flux | en | MB038 | seed=42 -> saved in 4.1s
2026-07-31 10:44:31,354  INFO  [OK] flux | en | MB039 | seed=42 -> saved in 3.9s
2026-07-31 10:44:35,788  INFO  [OK] flux | en | MB040 | seed=42 -> saved in 4.4s
2026-07-31 10:44:39,920  INFO  [OK] flux | en | MB041 | seed=42 -> saved in 4.1s
2026-07-31 10:44:43,737  INFO  [OK] flux | en | MB042 | seed=42 -> saved in 3.8s
2026-07-31 10:44:47,596  INFO  [OK] flux | en | MB043 | seed=42 -> saved in 3.9s
2026-07-31 10:44:51,586  INFO  [OK] flux | en | MB044 | seed=42 -> saved in 4.0s
2026-07-31 10:44:55,386  INFO  [OK] flux | en | MB045 | seed=42 -> saved in 3.8s
2026-07-31 10:44:59,420  INFO  [OK] flux | en | MB046 | seed=42 -> saved in 4.0s
2026-07-31 10:45:03,353  INFO  [OK] flux | en | MB047 | seed=42 -> saved in 3.9s
2026-07-31 10:45:07,136  INFO  [OK] flux | en | MB048 | seed=42 -> saved in 3.8s
2026-07-31 10:45:11,652  INFO  [OK] flux | en | MB049 | seed=42 -> saved in 4.5s
2026-07-31 10:45:15,785  INFO  [OK] flux | en | MB050 | seed=42 -> saved in 4.1s
2026-07-31 10:45:19,502  INFO  [OK] flux | en | MB051 | seed=42 -> saved in 3.7s
2026-07-31 10:45:23,335  INFO  [OK] flux | en | MB052 | seed=42 -> saved in 3.8s
2026-07-31 10:45:27,085  INFO  [OK] flux | en | MB053 | seed=42 -> saved in 3.7s
2026-07-31 10:45:31,108  INFO  [OK] flux | en | MB054 | seed=42 -> saved in 4.0s
2026-07-31 10:45:35,155  INFO  [OK] flux | en | MB055 | seed=42 -> saved in 4.0s
2026-07-31 10:45:38,972  INFO  [OK] flux | en | MB056 | seed=42 -> saved in 3.8s
2026-07-31 10:45:42,933  INFO  [OK] flux | en | MB057 | seed=42 -> saved in 4.0s
2026-07-31 10:45:46,784  INFO  [OK] flux | en | MB058 | seed=42 -> saved in 3.8s
2026-07-31 10:45:51,168  INFO  [OK] flux | en | MB059 | seed=42 -> saved in 4.4s
2026-07-31 10:45:55,134  INFO  [OK] flux | en | MB060 | seed=42 -> saved in 4.0s
2026-07-31 10:45:58,817  INFO  [OK] flux | en | MB061 | seed=42 -> saved in 3.7s
2026-07-31 10:46:02,758  INFO  [OK] flux | en | MB062 | seed=42 -> saved in 3.9s
2026-07-31 10:46:06,888  INFO  [OK] flux | en | MB063 | seed=42 -> saved in 4.1s
2026-07-31 10:46:10,840  INFO  [OK] flux | en | MB064 | seed=42 -> saved in 3.9s
2026-07-31 10:46:14,733  INFO  [OK] flux | en | MB065 | seed=42 -> saved in 3.9s
2026-07-31 10:46:19,099  INFO  [OK] flux | en | MB066 | seed=42 -> saved in 4.4s
2026-07-31 10:46:23,387  INFO  [OK] flux | en | MB067 | seed=42 -> saved in 4.3s
2026-07-31 10:46:27,430  INFO  [OK] flux | en | MB068 | seed=42 -> saved in 4.0s
2026-07-31 10:46:31,594  INFO  [OK] flux | en | MB069 | seed=42 -> saved in 4.2s
2026-07-31 10:46:38,003  INFO  [OK] flux | en | MB070 | seed=42 -> saved in 6.4s
2026-07-31 10:46:41,848  INFO  [OK] flux | en | MB071 | seed=42 -> saved in 3.8s
2026-07-31 10:46:45,733  INFO  [OK] flux | en | MB072 | seed=42 -> saved in 3.9s
2026-07-31 10:46:49,752  INFO  [OK] flux | en | MB073 | seed=42 -> saved in 4.0s
2026-07-31 10:46:53,669  INFO  [OK] flux | en | MB074 | seed=42 -> saved in 3.9s
2026-07-31 10:46:57,638  INFO  [OK] flux | en | MB075 | seed=42 -> saved in 4.0s
2026-07-31 10:47:03,280  INFO  [OK] flux | en | MB076 | seed=42 -> saved in 5.6s
2026-07-31 10:47:07,917  INFO  [OK] flux | en | MB077 | seed=42 -> saved in 4.6s
2026-07-31 10:47:12,171  INFO  [OK] flux | en | MB078 | seed=42 -> saved in 4.3s
2026-07-31 10:47:16,063  INFO  [OK] flux | en | MB079 | seed=42 -> saved in 3.9s
2026-07-31 10:47:20,063  INFO  [OK] flux | en | MB080 | seed=42 -> saved in 4.0s
2026-07-31 10:47:24,162  INFO  [OK] flux | en | MB081 | seed=42 -> saved in 4.1s
2026-07-31 10:47:28,045  INFO  [OK] flux | en | MB082 | seed=42 -> saved in 3.9s
2026-07-31 10:47:31,962  INFO  [OK] flux | en | MB083 | seed=42 -> saved in 3.9s
2026-07-31 10:47:35,829  INFO  [OK] flux | en | MB084 | seed=42 -> saved in 3.9s
2026-07-31 10:47:39,628  INFO  [OK] flux | en | MB085 | seed=42 -> saved in 3.8s
2026-07-31 10:47:43,812  INFO  [OK] flux | en | MB086 | seed=42 -> saved in 4.2s
2026-07-31 10:47:47,597  INFO  [OK] flux | en | MB087 | seed=42 -> saved in 3.8s
2026-07-31 10:47:51,478  INFO  [OK] flux | en | MB088 | seed=42 -> saved in 3.9s
2026-07-31 10:47:55,411  INFO  [OK] flux | en | MB089 | seed=42 -> saved in 3.9s
2026-07-31 10:48:01,008  INFO  [OK] flux | en | MB090 | seed=42 -> saved in 5.6s
2026-07-31 10:48:05,144  INFO  [OK] flux | en | MB091 | seed=42 -> saved in 4.1s
2026-07-31 10:48:08,977  INFO  [OK] flux | en | MB092 | seed=42 -> saved in 3.8s
2026-07-31 10:48:12,793  INFO  [OK] flux | en | MB093 | seed=42 -> saved in 3.8s
2026-07-31 10:48:16,576  INFO  [OK] flux | en | MB094 | seed=42 -> saved in 3.8s
2026-07-31 10:48:20,545  INFO  [OK] flux | en | MB095 | seed=42 -> saved in 4.0s
2026-07-31 10:48:24,959  INFO  [OK] flux | en | MB096 | seed=42 -> saved in 4.4s
2026-07-31 10:48:28,809  INFO  [OK] flux | en | MB097 | seed=42 -> saved in 3.8s
2026-07-31 10:48:32,909  INFO  [OK] flux | en | MB098 | seed=42 -> saved in 4.1s
2026-07-31 10:48:36,676  INFO  [OK] flux | en | MB099 | seed=42 -> saved in 3.7s
2026-07-31 10:48:40,509  INFO  [OK] flux | en | MB100 | seed=42 -> saved in 3.8s
2026-07-31 10:48:44,525  INFO  [OK] flux | en | MB101 | seed=42 -> saved in 4.0s
2026-07-31 10:48:48,425  INFO  [OK] flux | en | MB102 | seed=42 -> saved in 3.9s
2026-07-31 10:48:52,341  INFO  [OK] flux | en | MB103 | seed=42 -> saved in 3.9s
2026-07-31 10:48:56,325  INFO  [OK] flux | en | MB104 | seed=42 -> saved in 4.0s
2026-07-31 10:49:00,708  INFO  [OK] flux | en | MB105 | seed=42 -> saved in 4.4s
2026-07-31 10:49:04,624  INFO  [OK] flux | en | MB106 | seed=42 -> saved in 3.9s
2026-07-31 10:49:08,724  INFO  [OK] flux | en | MB107 | seed=42 -> saved in 4.1s
2026-07-31 10:49:12,707  INFO  [OK] flux | en | MB108 | seed=42 -> saved in 4.0s
2026-07-31 10:49:16,640  INFO  [OK] flux | en | MB109 | seed=42 -> saved in 3.9s
2026-07-31 10:49:20,590  INFO  [OK] flux | en | MB110 | seed=42 -> saved in 3.9s
2026-07-31 10:49:24,356  INFO  [OK] flux | en | MB111 | seed=42 -> saved in 3.8s
2026-07-31 10:49:28,123  INFO  [OK] flux | en | MB112 | seed=42 -> saved in 3.8s
2026-07-31 10:49:32,090  INFO  [OK] flux | en | MB113 | seed=42 -> saved in 4.0s
2026-07-31 10:49:36,189  INFO  [OK] flux | en | MB114 | seed=42 -> saved in 4.1s
2026-07-31 10:49:40,139  INFO  [OK] flux | en | MB115 | seed=42 -> saved in 3.9s
2026-07-31 10:49:44,056  INFO  [OK] flux | en | MB116 | seed=42 -> saved in 3.9s
2026-07-31 10:49:47,939  INFO  [OK] flux | en | MB117 | seed=42 -> saved in 3.9s
2026-07-31 10:49:51,623  INFO  [OK] flux | en | MB118 | seed=42 -> saved in 3.7s
2026-07-31 10:49:56,328  INFO  [OK] flux | en | MB119 | seed=42 -> saved in 4.7s
2026-07-31 10:50:00,131  INFO  [OK] flux | en | MB120 | seed=42 -> saved in 3.8s
2026-07-31 10:50:04,005  INFO  [OK] flux | en | MB121 | seed=42 -> saved in 3.9s
2026-07-31 10:50:07,802  INFO  [OK] flux | en | MB122 | seed=42 -> saved in 3.8s
2026-07-31 10:50:11,943  INFO  [OK] flux | en | MB123 | seed=42 -> saved in 4.1s
2026-07-31 10:50:16,060  INFO  [OK] flux | en | MB124 | seed=42 -> saved in 4.1s
2026-07-31 10:50:19,944  INFO  [OK] flux | en | MB125 | seed=42 -> saved in 3.9s
2026-07-31 10:50:24,071  INFO  [OK] flux | en | MB126 | seed=42 -> saved in 4.1s
2026-07-31 10:50:28,112  INFO  [OK] flux | en | MB127 | seed=42 -> saved in 4.0s
2026-07-31 10:50:32,120  INFO  [OK] flux | en | MB128 | seed=42 -> saved in 4.0s
2026-07-31 10:50:36,353  INFO  [OK] flux | en | MB129 | seed=42 -> saved in 4.2s
2026-07-31 10:50:40,303  INFO  [OK] flux | en | MB130 | seed=42 -> saved in 3.9s
2026-07-31 10:50:44,469  INFO  [OK] flux | en | MB131 | seed=42 -> saved in 4.2s
2026-07-31 10:50:48,286  INFO  [OK] flux | en | MB132 | seed=42 -> saved in 3.8s
2026-07-31 10:50:52,019  INFO  [OK] flux | en | MB133 | seed=42 -> saved in 3.7s
2026-07-31 10:50:55,718  INFO  [OK] flux | en | MB134 | seed=42 -> saved in 3.7s
2026-07-31 10:51:00,253  INFO  [OK] flux | en | MB135 | seed=42 -> saved in 4.5s
2026-07-31 10:51:04,067  INFO  [OK] flux | en | MB136 | seed=42 -> saved in 3.8s
2026-07-31 10:51:08,336  INFO  [OK] flux | en | MB137 | seed=42 -> saved in 4.3s
2026-07-31 10:51:11,985  INFO  [OK] flux | en | MB138 | seed=42 -> saved in 3.6s
2026-07-31 10:51:16,226  INFO  [OK] flux | en | MB139 | seed=42 -> saved in 4.2s
2026-07-31 10:51:20,168  INFO  [OK] flux | en | MB140 | seed=42 -> saved in 3.9s
2026-07-31 10:51:24,034  INFO  [OK] flux | en | MB141 | seed=42 -> saved in 3.9s
2026-07-31 10:51:27,851  INFO  [OK] flux | en | MB142 | seed=42 -> saved in 3.8s
2026-07-31 10:51:31,684  INFO  [OK] flux | en | MB143 | seed=42 -> saved in 3.8s
2026-07-31 10:51:35,698  INFO  [OK] flux | en | MB144 | seed=42 -> saved in 4.0s
2026-07-31 10:51:39,617  INFO  [OK] flux | en | MB145 | seed=42 -> saved in 3.9s
2026-07-31 10:51:43,609  INFO  [OK] flux | en | MB146 | seed=42 -> saved in 4.0s
2026-07-31 10:51:47,885  INFO  [OK] flux | en | MB147 | seed=42 -> saved in 4.3s
2026-07-31 10:51:51,990  INFO  [OK] flux | en | MB148 | seed=42 -> saved in 4.1s
2026-07-31 10:51:55,749  INFO  [OK] flux | en | MB149 | seed=42 -> saved in 3.8s
2026-07-31 10:51:59,949  INFO  [OK] flux | en | MB150 | seed=42 -> saved in 4.2s
2026-07-31 10:51:59,995  INFO  ============================================================
2026-07-31 10:51:59,996  INFO  Phase 2A complete -- [OK] 300 generated  [FAIL] 11 failed
2026-07-31 10:51:59,996  INFO  Failed images (re-run this script to retry them automatically):
2026-07-31 10:52:00,017  INFO  
model language prompt_id  seed                        error
 flux       en     MB002    42 The read operation timed out
 flux       en     MB003    42 The read operation timed out
 flux       en     MB004    42 The read operation timed out
 flux       en     MB013    42 The read operation timed out
 flux       en     MB014    42 The read operation timed out
 flux       en     MB016    42 The read operation timed out
 flux       en     MB017    42 The read operation timed out
 flux       en     MB013    42 The read operation timed out
 flux       en     MB014    42 The read operation timed out
 flux       en     MB026    42 The read operation timed out
 flux       en     MB028    42 The read operation timed out
2026-07-31 10:52:00,020  INFO  ============================================================
2026-07-31 10:52:00,021  INFO  Images saved to : data\generated_images\phase2a/
2026-07-31 10:52:00,021  INFO  Log saved to    : results\phase2a\generation_log.csv
